Component: ARM Compiler 5.06 update 6 (build 750) Tool: armlink [4d35ed]

==============================================================================

Section Cross References

    startup_stm32f030x8.o(RESET) refers to startup_stm32f030x8.o(STACK) for __initial_sp
    startup_stm32f030x8.o(RESET) refers to startup_stm32f030x8.o(.text) for Reset_Handler
    startup_stm32f030x8.o(RESET) refers to stm32f0xx_it.o(i.NMI_Handler) for NMI_Handler
    startup_stm32f030x8.o(RESET) refers to stm32f0xx_it.o(i.HardFault_Handler) for HardFault_Handler
    startup_stm32f030x8.o(RESET) refers to stm32f0xx_it.o(i.SVC_Handler) for SVC_Handler
    startup_stm32f030x8.o(RESET) refers to stm32f0xx_it.o(i.PendSV_Handler) for PendSV_Handler
    startup_stm32f030x8.o(RESET) refers to stm32f0xx_it.o(i.SysTick_Handler) for SysTick_Handler
    startup_stm32f030x8.o(RESET) refers to stm32f0xx_it.o(i.I2C1_IRQHandler) for I2C1_IRQHandler
    startup_stm32f030x8.o(.text) refers to system_stm32f0xx.o(i.SystemInit) for SystemInit
    startup_stm32f030x8.o(.text) refers to entry.o(.ARM.Collect$$$$00000000) for __main
    main.o(i.GetGestureName) refers to main.o(i.__ARM_common_switch8) for __ARM_common_switch8
    main.o(i.HAL_I2C_AddrCallback) refers to main.o(i.readProximity) for readProximity
    main.o(i.HAL_I2C_AddrCallback) refers to main.o(i.readAmbientLight) for readAmbientLight
    main.o(i.HAL_I2C_AddrCallback) refers to main.o(i.readRedLight) for readRedLight
    main.o(i.HAL_I2C_AddrCallback) refers to main.o(i.readGreenLight) for readGreenLight
    main.o(i.HAL_I2C_AddrCallback) refers to main.o(i.readBlueLight) for readBlueLight
    main.o(i.HAL_I2C_AddrCallback) refers to stm32f0xx_hal_i2c.o(i.HAL_I2C_Slave_Sequential_Transmit_IT) for HAL_I2C_Slave_Sequential_Transmit_IT
    main.o(i.HAL_I2C_AddrCallback) refers to stm32f0xx_hal_i2c.o(i.HAL_I2C_Slave_Sequential_Receive_IT) for HAL_I2C_Slave_Sequential_Receive_IT
    main.o(i.HAL_I2C_AddrCallback) refers to main.o(.data) for .data
    main.o(i.HAL_I2C_AddrCallback) refers to main.o(.bss) for .bss
    main.o(i.HAL_I2C_ListenCpltCallback) refers to stm32f0xx_hal_i2c.o(i.HAL_I2C_EnableListen_IT) for HAL_I2C_EnableListen_IT
    main.o(i.SystemClock_Config) refers to memseta.o(.text) for __aeabi_memclr4
    main.o(i.SystemClock_Config) refers to stm32f0xx_hal_rcc.o(i.HAL_RCC_OscConfig) for HAL_RCC_OscConfig
    main.o(i.SystemClock_Config) refers to stm32f0xx_hal_rcc.o(i.HAL_RCC_ClockConfig) for HAL_RCC_ClockConfig
    main.o(i.SystemClock_Config) refers to stm32f0xx_hal_rcc_ex.o(i.HAL_RCCEx_PeriphCLKConfig) for HAL_RCCEx_PeriphCLKConfig
    main.o(i.clearAmbientLightInt) refers to main.o(i.wireReadDataByte) for wireReadDataByte
    main.o(i.clearProximityInt) refers to main.o(i.wireReadDataByte) for wireReadDataByte
    main.o(i.decodeGesture) refers to main.o(.data) for .data
    main.o(i.disableGestureSensor) refers to main.o(i.resetGestureParameters) for resetGestureParameters
    main.o(i.disableGestureSensor) refers to main.o(i.setGestureIntEnable) for setGestureIntEnable
    main.o(i.disableGestureSensor) refers to main.o(i.setGestureMode) for setGestureMode
    main.o(i.disableGestureSensor) refers to main.o(i.setMode) for setMode
    main.o(i.disableLightSensor) refers to main.o(i.setAmbientLightIntEnable) for setAmbientLightIntEnable
    main.o(i.disableLightSensor) refers to main.o(i.setMode) for setMode
    main.o(i.disablePower) refers to main.o(i.setMode) for setMode
    main.o(i.disableProximitySensor) refers to main.o(i.setProximityIntEnable) for setProximityIntEnable
    main.o(i.disableProximitySensor) refers to main.o(i.setMode) for setMode
    main.o(i.enableGestureSensor) refers to main.o(i.resetGestureParameters) for resetGestureParameters
    main.o(i.enableGestureSensor) refers to main.o(i.wireWriteDataByte) for wireWriteDataByte
    main.o(i.enableGestureSensor) refers to main.o(i.setLEDBoost) for setLEDBoost
    main.o(i.enableGestureSensor) refers to main.o(i.setGestureIntEnable) for setGestureIntEnable
    main.o(i.enableGestureSensor) refers to main.o(i.setGestureMode) for setGestureMode
    main.o(i.enableGestureSensor) refers to main.o(i.enablePower) for enablePower
    main.o(i.enableGestureSensor) refers to main.o(i.setMode) for setMode
    main.o(i.enableLightSensor) refers to main.o(i.setAmbientLightGain) for setAmbientLightGain
    main.o(i.enableLightSensor) refers to main.o(i.setAmbientLightIntEnable) for setAmbientLightIntEnable
    main.o(i.enableLightSensor) refers to main.o(i.enablePower) for enablePower
    main.o(i.enableLightSensor) refers to main.o(i.setMode) for setMode
    main.o(i.enablePower) refers to main.o(i.setMode) for setMode
    main.o(i.enableProximitySensor) refers to main.o(i.setProximityGain) for setProximityGain
    main.o(i.enableProximitySensor) refers to main.o(i.setLEDDrive) for setLEDDrive
    main.o(i.enableProximitySensor) refers to main.o(i.setProximityIntEnable) for setProximityIntEnable
[...]
    stm32f0xx_hal_uart.o(i.HAL_UART_Receive_DMA) refers to stm32f0xx_hal_uart.o(i.UART_DMAError) for UART_DMAError
    stm32f0xx_hal_uart.o(i.HAL_UART_Transmit) refers to stm32f0xx_hal.o(i.HAL_GetTick) for HAL_GetTick
    stm32f0xx_hal_uart.o(i.HAL_UART_Transmit) refers to stm32f0xx_hal_uart.o(i.UART_WaitOnFlagUntilTimeout) for UART_WaitOnFlagUntilTimeout
    stm32f0xx_hal_uart.o(i.HAL_UART_Transmit_DMA) refers to stm32f0xx_hal_dma.o(i.HAL_DMA_Start_IT) for HAL_DMA_Start_IT
    stm32f0xx_hal_uart.o(i.HAL_UART_Transmit_DMA) refers to stm32f0xx_hal_uart.o(i.UART_DMATransmitCplt) for UART_DMATransmitCplt
    stm32f0xx_hal_uart.o(i.HAL_UART_Transmit_DMA) refers to stm32f0xx_hal_uart.o(i.UART_DMATxHalfCplt) for UART_DMATxHalfCplt
    stm32f0xx_hal_uart.o(i.HAL_UART_Transmit_DMA) refers to stm32f0xx_hal_uart.o(i.UART_DMAError) for UART_DMAError
    stm32f0xx_hal_uart.o(i.UART_DMAAbortOnError) refers to stm32f0xx_hal_uart.o(i.HAL_UART_ErrorCallback) for HAL_UART_ErrorCallback
    stm32f0xx_hal_uart.o(i.UART_DMAError) refers to stm32f0xx_hal_uart.o(i.UART_EndTxTransfer) for UART_EndTxTransfer
    stm32f0xx_hal_uart.o(i.UART_DMAError) refers to stm32f0xx_hal_uart.o(i.UART_EndRxTransfer) for UART_EndRxTransfer
    stm32f0xx_hal_uart.o(i.UART_DMAError) refers to stm32f0xx_hal_uart.o(i.HAL_UART_ErrorCallback) for HAL_UART_ErrorCallback
    stm32f0xx_hal_uart.o(i.UART_DMAReceiveCplt) refers to stm32f0xx_hal_uart.o(i.HAL_UART_RxCpltCallback) for HAL_UART_RxCpltCallback
    stm32f0xx_hal_uart.o(i.UART_DMARxAbortCallback) refers to stm32f0xx_hal_uart.o(i.HAL_UART_AbortCpltCallback) for HAL_UART_AbortCpltCallback
    stm32f0xx_hal_uart.o(i.UART_DMARxHalfCplt) refers to stm32f0xx_hal_uart.o(i.HAL_UART_RxHalfCpltCallback) for HAL_UART_RxHalfCpltCallback
    stm32f0xx_hal_uart.o(i.UART_DMARxOnlyAbortCallback) refers to stm32f0xx_hal_uart.o(i.HAL_UART_AbortReceiveCpltCallback) for HAL_UART_AbortReceiveCpltCallback
    stm32f0xx_hal_uart.o(i.UART_DMATransmitCplt) refers to stm32f0xx_hal_uart.o(i.HAL_UART_TxCpltCallback) for HAL_UART_TxCpltCallback
    stm32f0xx_hal_uart.o(i.UART_DMATxAbortCallback) refers to stm32f0xx_hal_uart.o(i.HAL_UART_AbortCpltCallback) for HAL_UART_AbortCpltCallback
    stm32f0xx_hal_uart.o(i.UART_DMATxHalfCplt) refers to stm32f0xx_hal_uart.o(i.HAL_UART_TxHalfCpltCallback) for HAL_UART_TxHalfCpltCallback
    stm32f0xx_hal_uart.o(i.UART_DMATxOnlyAbortCallback) refers to stm32f0xx_hal_uart.o(i.HAL_UART_AbortTransmitCpltCallback) for HAL_UART_AbortTransmitCpltCallback
    stm32f0xx_hal_uart.o(i.UART_EndTransmit_IT) refers to stm32f0xx_hal_uart.o(i.HAL_UART_TxCpltCallback) for HAL_UART_TxCpltCallback
    stm32f0xx_hal_uart.o(i.UART_Receive_IT) refers to stm32f0xx_hal_uart.o(i.HAL_UART_RxCpltCallback) for HAL_UART_RxCpltCallback
    stm32f0xx_hal_uart.o(i.UART_SetConfig) refers to stm32f0xx_hal_rcc.o(i.HAL_RCC_GetPCLK1Freq) for HAL_RCC_GetPCLK1Freq
    stm32f0xx_hal_uart.o(i.UART_SetConfig) refers to uidiv.o(.text) for __aeabi_uidivmod
    stm32f0xx_hal_uart.o(i.UART_SetConfig) refers to stm32f0xx_hal_rcc.o(i.HAL_RCC_GetSysClockFreq) for HAL_RCC_GetSysClockFreq
    stm32f0xx_hal_uart.o(i.UART_WaitOnFlagUntilTimeout) refers to stm32f0xx_hal.o(i.HAL_GetTick) for HAL_GetTick
    stm32f0xx_hal_uart_ex.o(i.HAL_MultiProcessorEx_AddressLength_Set) refers to stm32f0xx_hal_uart.o(i.UART_CheckIdleState) for UART_CheckIdleState
    stm32f0xx_hal_uart_ex.o(i.HAL_RS485Ex_Init) refers to usart.o(i.HAL_UART_MspInit) for HAL_UART_MspInit
    stm32f0xx_hal_uart_ex.o(i.HAL_RS485Ex_Init) refers to stm32f0xx_hal_uart.o(i.UART_SetConfig) for UART_SetConfig
    stm32f0xx_hal_uart_ex.o(i.HAL_RS485Ex_Init) refers to stm32f0xx_hal_uart.o(i.UART_AdvFeatureConfig) for UART_AdvFeatureConfig
    stm32f0xx_hal_uart_ex.o(i.HAL_RS485Ex_Init) refers to stm32f0xx_hal_uart.o(i.UART_CheckIdleState) for UART_CheckIdleState
    stm32f0xx_hal_rcc.o(i.HAL_RCC_ClockConfig) refers to stm32f0xx_hal.o(i.HAL_GetTick) for HAL_GetTick
    stm32f0xx_hal_rcc.o(i.HAL_RCC_ClockConfig) refers to stm32f0xx_hal_rcc.o(i.HAL_RCC_GetSysClockFreq) for HAL_RCC_GetSysClockFreq
    stm32f0xx_hal_rcc.o(i.HAL_RCC_ClockConfig) refers to stm32f0xx_hal.o(i.HAL_InitTick) for HAL_InitTick
    stm32f0xx_hal_rcc.o(i.HAL_RCC_ClockConfig) refers to system_stm32f0xx.o(.constdata) for AHBPrescTable
    stm32f0xx_hal_rcc.o(i.HAL_RCC_ClockConfig) refers to system_stm32f0xx.o(.data) for SystemCoreClock
    stm32f0xx_hal_rcc.o(i.HAL_RCC_DeInit) refers to system_stm32f0xx.o(.data) for SystemCoreClock
    stm32f0xx_hal_rcc.o(i.HAL_RCC_GetHCLKFreq) refers to system_stm32f0xx.o(.data) for SystemCoreClock
    stm32f0xx_hal_rcc.o(i.HAL_RCC_GetPCLK1Freq) refers to system_stm32f0xx.o(.data) for SystemCoreClock
    stm32f0xx_hal_rcc.o(i.HAL_RCC_GetPCLK1Freq) refers to system_stm32f0xx.o(.constdata) for APBPrescTable
    stm32f0xx_hal_rcc.o(i.HAL_RCC_GetSysClockFreq) refers to uidiv.o(.text) for __aeabi_uidivmod
    stm32f0xx_hal_rcc.o(i.HAL_RCC_MCOConfig) refers to stm32f0xx_hal_gpio.o(i.HAL_GPIO_Init) for HAL_GPIO_Init
    stm32f0xx_hal_rcc.o(i.HAL_RCC_NMI_IRQHandler) refers to stm32f0xx_hal_rcc.o(i.HAL_RCC_CSSCallback) for HAL_RCC_CSSCallback
    stm32f0xx_hal_rcc.o(i.HAL_RCC_OscConfig) refers to stm32f0xx_hal.o(i.HAL_GetTick) for HAL_GetTick
    stm32f0xx_hal_rcc_ex.o(i.HAL_RCCEx_GetPeriphCLKFreq) refers to stm32f0xx_hal_rcc.o(i.HAL_RCC_GetPCLK1Freq) for HAL_RCC_GetPCLK1Freq
    stm32f0xx_hal_rcc_ex.o(i.HAL_RCCEx_GetPeriphCLKFreq) refers to stm32f0xx_hal_rcc.o(i.HAL_RCC_GetSysClockFreq) for HAL_RCC_GetSysClockFreq
    stm32f0xx_hal_rcc_ex.o(i.HAL_RCCEx_PeriphCLKConfig) refers to stm32f0xx_hal.o(i.HAL_GetTick) for HAL_GetTick
    stm32f0xx_hal.o(i.HAL_DeInit) refers to stm32f0xx_hal.o(i.HAL_MspDeInit) for HAL_MspDeInit
    stm32f0xx_hal.o(i.HAL_Delay) refers to stm32f0xx_hal.o(i.HAL_GetTick) for HAL_GetTick
    stm32f0xx_hal.o(i.HAL_GetTick) refers to stm32f0xx_hal.o(.data) for .data
    stm32f0xx_hal.o(i.HAL_IncTick) refers to stm32f0xx_hal.o(.data) for .data
    stm32f0xx_hal.o(i.HAL_Init) refers to stm32f0xx_hal.o(i.HAL_InitTick) for HAL_InitTick
    stm32f0xx_hal.o(i.HAL_Init) refers to stm32f0xx_hal_msp.o(i.HAL_MspInit) for HAL_MspInit
    stm32f0xx_hal.o(i.HAL_InitTick) refers to stm32f0xx_hal_rcc.o(i.HAL_RCC_GetHCLKFreq) for HAL_RCC_GetHCLKFreq
    stm32f0xx_hal.o(i.HAL_InitTick) refers to uidiv.o(.text) for __aeabi_uidivmod
    stm32f0xx_hal.o(i.HAL_InitTick) refers to stm32f0xx_hal_cortex.o(i.HAL_SYSTICK_Config) for HAL_SYSTICK_Config
    stm32f0xx_hal.o(i.HAL_InitTick) refers to stm32f0xx_hal_cortex.o(i.HAL_NVIC_SetPriority) for HAL_NVIC_SetPriority
    stm32f0xx_hal_gpio.o(i.HAL_GPIO_EXTI_IRQHandler) refers to stm32f0xx_hal_gpio.o(i.HAL_GPIO_EXTI_Callback) for HAL_GPIO_EXTI_Callback
    stm32f0xx_hal_dma.o(i.DMA_CalcBaseAndBitshift) refers to uidiv.o(.text) for __aeabi_uidivmod
    stm32f0xx_hal_dma.o(i.HAL_DMA_DeInit) refers to stm32f0xx_hal_dma.o(i.DMA_CalcBaseAndBitshift) for DMA_CalcBaseAndBitshift
    stm32f0xx_hal_dma.o(i.HAL_DMA_Init) refers to stm32f0xx_hal_dma.o(i.DMA_CalcBaseAndBitshift) for DMA_CalcBaseAndBitshift
    stm32f0xx_hal_dma.o(i.HAL_DMA_PollForTransfer) refers to stm32f0xx_hal.o(i.HAL_GetTick) for HAL_GetTick
    stm32f0xx_hal_dma.o(i.HAL_DMA_Start) refers to stm32f0xx_hal_dma.o(i.DMA_SetConfig) for DMA_SetConfig
    stm32f0xx_hal_dma.o(i.HAL_DMA_Start_IT) refers to stm32f0xx_hal_dma.o(i.DMA_SetConfig) for DMA_SetConfig
    stm32f0xx_hal_dma.o(i.HAL_DMA_UnRegisterCallback) refers to main.o(i.__ARM_common_switch8) for __ARM_common_switch8
    stm32f0xx_hal_cortex.o(i.HAL_NVIC_SetPriority) refers to stm32f0xx_hal_cortex.o(i.NVIC_SetPriority) for NVIC_SetPriority
    stm32f0xx_hal_cortex.o(i.HAL_SYSTICK_Config) refers to stm32f0xx_hal_cortex.o(i.NVIC_SetPriority) for NVIC_SetPriority
    stm32f0xx_hal_cortex.o(i.HAL_SYSTICK_IRQHandler) refers to stm32f0xx_hal_cortex.o(i.HAL_SYSTICK_Callback) for HAL_SYSTICK_Callback
    stm32f0xx_hal_flash.o(i.FLASH_Program_HalfWord) refers to stm32f0xx_hal_flash.o(.bss) for .bss
    stm32f0xx_hal_flash.o(i.FLASH_SetErrorCode) refers to stm32f0xx_hal_flash.o(.bss) for .bss
    stm32f0xx_hal_flash.o(i.FLASH_WaitForLastOperation) refers to stm32f0xx_hal.o(i.HAL_GetTick) for HAL_GetTick
    stm32f0xx_hal_flash.o(i.FLASH_WaitForLastOperation) refers to stm32f0xx_hal_flash.o(i.FLASH_SetErrorCode) for FLASH_SetErrorCode
    stm32f0xx_hal_flash.o(i.HAL_FLASH_GetError) refers to stm32f0xx_hal_flash.o(.bss) for .bss
    stm32f0xx_hal_flash.o(i.HAL_FLASH_IRQHandler) refers to stm32f0xx_hal_flash.o(i.FLASH_SetErrorCode) for FLASH_SetErrorCode
    stm32f0xx_hal_flash.o(i.HAL_FLASH_IRQHandler) refers to stm32f0xx_hal_flash.o(i.HAL_FLASH_OperationErrorCallback) for HAL_FLASH_OperationErrorCallback
    stm32f0xx_hal_flash.o(i.HAL_FLASH_IRQHandler) refers to stm32f0xx_hal_flash.o(i.FLASH_Program_HalfWord) for FLASH_Program_HalfWord
    stm32f0xx_hal_flash.o(i.HAL_FLASH_IRQHandler) refers to stm32f0xx_hal_flash.o(i.HAL_FLASH_EndOfOperationCallback) for HAL_FLASH_EndOfOperationCallback
    stm32f0xx_hal_flash.o(i.HAL_FLASH_IRQHandler) refers to stm32f0xx_hal_flash_ex.o(i.FLASH_PageErase) for FLASH_PageErase
    stm32f0xx_hal_flash.o(i.HAL_FLASH_IRQHandler) refers to stm32f0xx_hal_flash.o(.bss) for .bss
    stm32f0xx_hal_flash.o(i.HAL_FLASH_OB_Launch) refers to stm32f0xx_hal_flash.o(i.FLASH_WaitForLastOperation) for FLASH_WaitForLastOperation
    stm32f0xx_hal_flash.o(i.HAL_FLASH_Program) refers to stm32f0xx_hal_flash.o(i.FLASH_WaitForLastOperation) for FLASH_WaitForLastOperation
    stm32f0xx_hal_flash.o(i.HAL_FLASH_Program) refers to llushr.o(.text) for __aeabi_llsr
    stm32f0xx_hal_flash.o(i.HAL_FLASH_Program) refers to stm32f0xx_hal_flash.o(i.FLASH_Program_HalfWord) for FLASH_Program_HalfWord
    stm32f0xx_hal_flash.o(i.HAL_FLASH_Program) refers to stm32f0xx_hal_flash.o(.bss) for .bss
    stm32f0xx_hal_flash.o(i.HAL_FLASH_Program_IT) refers to stm32f0xx_hal_flash.o(i.FLASH_Program_HalfWord) for FLASH_Program_HalfWord
    stm32f0xx_hal_flash.o(i.HAL_FLASH_Program_IT) refers to stm32f0xx_hal_flash.o(.bss) for .bss
    stm32f0xx_hal_flash_ex.o(i.FLASH_MassErase) refers to stm32f0xx_hal_flash.o(.bss) for pFlash
    stm32f0xx_hal_flash_ex.o(i.FLASH_OB_DisableWRP) refers to stm32f0xx_hal_flash.o(i.FLASH_WaitForLastOperation) for FLASH_WaitForLastOperation
    stm32f0xx_hal_flash_ex.o(i.FLASH_OB_DisableWRP) refers to stm32f0xx_hal_flash_ex.o(i.HAL_FLASHEx_OBErase) for HAL_FLASHEx_OBErase
    stm32f0xx_hal_flash_ex.o(i.FLASH_OB_DisableWRP) refers to stm32f0xx_hal_flash.o(.bss) for pFlash
    stm32f0xx_hal_flash_ex.o(i.FLASH_OB_EnableWRP) refers to stm32f0xx_hal_flash.o(i.FLASH_WaitForLastOperation) for FLASH_WaitForLastOperation
    stm32f0xx_hal_flash_ex.o(i.FLASH_OB_EnableWRP) refers to stm32f0xx_hal_flash_ex.o(i.HAL_FLASHEx_OBErase) for HAL_FLASHEx_OBErase
    stm32f0xx_hal_flash_ex.o(i.FLASH_OB_EnableWRP) refers to stm32f0xx_hal_flash.o(.bss) for pFlash
    stm32f0xx_hal_flash_ex.o(i.FLASH_OB_RDP_LevelConfig) refers to stm32f0xx_hal_flash.o(i.FLASH_WaitForLastOperation) for FLASH_WaitForLastOperation
    stm32f0xx_hal_flash_ex.o(i.FLASH_OB_RDP_LevelConfig) refers to stm32f0xx_hal_flash.o(.bss) for pFlash
    stm32f0xx_hal_flash_ex.o(i.FLASH_PageErase) refers to stm32f0xx_hal_flash.o(.bss) for pFlash
    stm32f0xx_hal_flash_ex.o(i.HAL_FLASHEx_Erase) refers to stm32f0xx_hal_flash.o(i.FLASH_WaitForLastOperation) for FLASH_WaitForLastOperation
    stm32f0xx_hal_flash_ex.o(i.HAL_FLASHEx_Erase) refers to stm32f0xx_hal_flash_ex.o(i.FLASH_MassErase) for FLASH_MassErase
    stm32f0xx_hal_flash_ex.o(i.HAL_FLASHEx_Erase) refers to stm32f0xx_hal_flash_ex.o(i.FLASH_PageErase) for FLASH_PageErase
    stm32f0xx_hal_flash_ex.o(i.HAL_FLASHEx_Erase) refers to stm32f0xx_hal_flash.o(.bss) for pFlash
    stm32f0xx_hal_flash_ex.o(i.HAL_FLASHEx_Erase_IT) refers to stm32f0xx_hal_flash_ex.o(i.FLASH_PageErase) for FLASH_PageErase
    stm32f0xx_hal_flash_ex.o(i.HAL_FLASHEx_Erase_IT) refers to stm32f0xx_hal_flash_ex.o(i.FLASH_MassErase) for FLASH_MassErase
    stm32f0xx_hal_flash_ex.o(i.HAL_FLASHEx_Erase_IT) refers to stm32f0xx_hal_flash.o(.bss) for pFlash
    stm32f0xx_hal_flash_ex.o(i.HAL_FLASHEx_OBErase) refers to stm32f0xx_hal_flash_ex.o(i.FLASH_OB_GetRDP) for FLASH_OB_GetRDP
    stm32f0xx_hal_flash_ex.o(i.HAL_FLASHEx_OBErase) refers to stm32f0xx_hal_flash.o(i.FLASH_WaitForLastOperation) for FLASH_WaitForLastOperation
    stm32f0xx_hal_flash_ex.o(i.HAL_FLASHEx_OBErase) refers to stm32f0xx_hal_flash_ex.o(i.FLASH_OB_RDP_LevelConfig) for FLASH_OB_RDP_LevelConfig
    stm32f0xx_hal_flash_ex.o(i.HAL_FLASHEx_OBErase) refers to stm32f0xx_hal_flash.o(.bss) for pFlash
    stm32f0xx_hal_flash_ex.o(i.HAL_FLASHEx_OBGetConfig) refers to stm32f0xx_hal_flash_ex.o(i.FLASH_OB_GetRDP) for FLASH_OB_GetRDP
    stm32f0xx_hal_flash_ex.o(i.HAL_FLASHEx_OBProgram) refers to stm32f0xx_hal_flash_ex.o(i.FLASH_OB_DisableWRP) for FLASH_OB_DisableWRP
    stm32f0xx_hal_flash_ex.o(i.HAL_FLASHEx_OBProgram) refers to stm32f0xx_hal_flash_ex.o(i.FLASH_OB_EnableWRP) for FLASH_OB_EnableWRP
    stm32f0xx_hal_flash_ex.o(i.HAL_FLASHEx_OBProgram) refers to stm32f0xx_hal_flash_ex.o(i.FLASH_OB_RDP_LevelConfig) for FLASH_OB_RDP_LevelConfig
    stm32f0xx_hal_flash_ex.o(i.HAL_FLASHEx_OBProgram) refers to stm32f0xx_hal_flash.o(i.FLASH_WaitForLastOperation) for FLASH_WaitForLastOperation
    stm32f0xx_hal_flash_ex.o(i.HAL_FLASHEx_OBProgram) refers to stm32f0xx_hal_flash.o(.bss) for pFlash
    system_stm32f0xx.o(i.SystemCoreClockUpdate) refers to uidiv.o(.text) for __aeabi_uidivmod
    system_stm32f0xx.o(i.SystemCoreClockUpdate) refers to system_stm32f0xx.o(.data) for .data
    system_stm32f0xx.o(i.SystemCoreClockUpdate) refers to system_stm32f0xx.o(.constdata) for .constdata
    entry.o(.ARM.Collect$$$$00000000) refers (Special) to entry10a.o(.ARM.Collect$$$$0000000D) for __rt_final_cpp
    entry.o(.ARM.Collect$$$$00000000) refers (Special) to entry11a.o(.ARM.Collect$$$$0000000F) for __rt_final_exit
    entry.o(.ARM.Collect$$$$00000000) refers (Special) to entry7b.o(.ARM.Collect$$$$00000008) for _main_clock
    entry.o(.ARM.Collect$$$$00000000) refers (Special) to entry8b.o(.ARM.Collect$$$$0000000A) for _main_cpp_init
    entry.o(.ARM.Collect$$$$00000000) refers (Special) to entry9a.o(.ARM.Collect$$$$0000000B) for _main_init
    entry.o(.ARM.Collect$$$$00000000) refers (Special) to entry5.o(.ARM.Collect$$$$00000004) for _main_scatterload
    entry.o(.ARM.Collect$$$$00000000) refers (Special) to entry2.o(.ARM.Collect$$$$00000001) for _main_stk
    idiv.o(.text) refers to uidiv.o(.text) for __aeabi_uidivmod
    entry2.o(.ARM.Collect$$$$00000001) refers to entry2.o(.ARM.Collect$$$$00002712) for __lit__00000000
    entry2.o(.ARM.Collect$$$$00002712) refers to startup_stm32f030x8.o(STACK) for __initial_sp
    entry2.o(__vectab_stack_and_reset_area) refers to startup_stm32f030x8.o(STACK) for __initial_sp
    entry2.o(__vectab_stack_and_reset_area) refers to entry.o(.ARM.Collect$$$$00000000) for __main
    entry5.o(.ARM.Collect$$$$00000004) refers to init.o(.text) for __scatterload
    entry9a.o(.ARM.Collect$$$$0000000B) refers to main.o(i.main) for main
    entry9b.o(.ARM.Collect$$$$0000000C) refers to main.o(i.main) for main
    init.o(.text) refers to entry5.o(.ARM.Collect$$$$00000004) for __main_after_scatterload


==============================================================================

Removing Unused input sections from the image.

    Removing startup_stm32f030x8.o(HEAP), (512 bytes).
    Removing main.o(.rev16_text), (4 bytes).
    Removing main.o(.revsh_text), (4 bytes).
    Removing main.o(i.GetGestureName), (128 bytes).
    Removing main.o(i.clearAmbientLightInt), (18 bytes).
    Removing main.o(i.clearProximityInt), (18 bytes).
    Removing main.o(i.decodeGesture), (204 bytes).
    Removing main.o(i.disableGestureSensor), (42 bytes).
    Removing main.o(i.disableLightSensor), (28 bytes).
    Removing main.o(i.disablePower), (18 bytes).
    Removing main.o(i.disableProximitySensor), (28 bytes).
    Removing main.o(i.enableGestureSensor), (118 bytes).
    Removing main.o(i.getAmbientLightGain), (28 bytes).
    Removing main.o(i.getAmbientLightIntEnable), (28 bytes).
    Removing main.o(i.getGestureEnterThresh), (24 bytes).
    Removing main.o(i.getGestureExitThresh), (24 bytes).
    Removing main.o(i.getGestureGain), (28 bytes).
    Removing main.o(i.getGestureIntEnable), (28 bytes).
    Removing main.o(i.getGestureLEDDrive), (28 bytes).
    Removing main.o(i.getGestureMode), (28 bytes).
    Removing main.o(i.getGestureWaitTime), (28 bytes).
    Removing main.o(i.getLEDBoost), (28 bytes).
    Removing main.o(i.getLEDDrive), (26 bytes).
    Removing main.o(i.getLightIntHighThreshold), (54 bytes).
    Removing main.o(i.getLightIntLowThreshold), (54 bytes).
    Removing main.o(i.getProxGainCompEnable), (28 bytes).
    Removing main.o(i.getProxIntHighThresh), (24 bytes).
    Removing main.o(i.getProxIntLowThresh), (24 bytes).
    Removing main.o(i.getProxPhotoMask), (28 bytes).
    Removing main.o(i.getProximityGain), (28 bytes).
    Removing main.o(i.getProximityIntEnable), (28 bytes).
    Removing main.o(i.getProximityIntHighThreshold), (22 bytes).
    Removing main.o(i.getProximityIntLowThreshold), (22 bytes).
    Removing main.o(i.isGestureAvailable), (30 bytes).
    Removing main.o(i.processGestureData), (476 bytes).
    Removing main.o(i.readGesture), (208 bytes).
    Removing main.o(i.resetGestureParameters), (36 bytes).
    Removing main.o(i.setGestureMode), (46 bytes).
    Removing main.o(i.setLEDBoost), (48 bytes).
    Removing main.o(i.setProxGainCompEnable), (48 bytes).
    Removing main.o(i.setProxPhotoMask), (46 bytes).
    Removing main.o(i.setProximityIntHighThreshold), (18 bytes).
    Removing main.o(i.setProximityIntLowThreshold), (18 bytes).
    Removing main.o(i.wireReadDataBlock), (44 bytes).
    Removing main.o(i.wireWriteDataBlock), (48 bytes).
    Removing gpio.o(.rev16_text), (4 bytes).
    Removing gpio.o(.revsh_text), (4 bytes).
    Removing i2c.o(.rev16_text), (4 bytes).
    Removing i2c.o(.revsh_text), (4 bytes).
    Removing i2c.o(i.HAL_I2C_MspDeInit), (80 bytes).
    Removing usart.o(.rev16_text), (4 bytes).
    Removing usart.o(.revsh_text), (4 bytes).
    Removing usart.o(i.HAL_UART_MspDeInit), (44 bytes).
    Removing usart.o(i.HAL_UART_MspInit), (100 bytes).
    Removing usart.o(i.MX_USART1_UART_Init), (56 bytes).
    Removing usart.o(.bss), (112 bytes).
    Removing stm32f0xx_it.o(.rev16_text), (4 bytes).
    Removing stm32f0xx_it.o(.revsh_text), (4 bytes).
    Removing stm32f0xx_hal_msp.o(.rev16_text), (4 bytes).
    Removing stm32f0xx_hal_msp.o(.revsh_text), (4 bytes).
    Removing stm32f0xx_hal_i2c.o(.rev16_text), (4 bytes).
    Removing stm32f0xx_hal_i2c.o(.revsh_text), (4 bytes).
    Removing stm32f0xx_hal_i2c.o(i.HAL_I2C_AddrCallback), (2 bytes).
    Removing stm32f0xx_hal_i2c.o(i.HAL_I2C_DeInit), (52 bytes).
    Removing stm32f0xx_hal_i2c.o(i.HAL_I2C_DisableListen_IT), (48 bytes).
    Removing stm32f0xx_hal_i2c.o(i.HAL_I2C_GetError), (4 bytes).
    Removing stm32f0xx_hal_i2c.o(i.HAL_I2C_GetMode), (6 bytes).
    Removing stm32f0xx_hal_i2c.o(i.HAL_I2C_GetState), (6 bytes).
    Removing stm32f0xx_hal_i2c.o(i.HAL_I2C_IsDeviceReady), (284 bytes).
    Removing stm32f0xx_hal_i2c.o(i.HAL_I2C_ListenCpltCallback), (2 bytes).
    Removing stm32f0xx_hal_i2c.o(i.HAL_I2C_Master_Abort_IT), (88 bytes).
    Removing stm32f0xx_hal_i2c.o(i.HAL_I2C_Master_Receive_DMA), (236 bytes).
    Removing stm32f0xx_hal_i2c.o(i.HAL_I2C_Master_Receive_IT), (124 bytes).
    Removing stm32f0xx_hal_i2c.o(i.HAL_I2C_Master_Sequential_Receive_IT), (116 bytes).
    Removing stm32f0xx_hal_i2c.o(i.HAL_I2C_Master_Sequential_Transmit_IT), (116 bytes).
    Removing stm32f0xx_hal_i2c.o(i.HAL_I2C_Master_Transmit_DMA), (240 bytes).
    Removing stm32f0xx_hal_i2c.o(i.HAL_I2C_Master_Transmit_IT), (124 bytes).
    Removing stm32f0xx_hal_i2c.o(i.HAL_I2C_Mem_Read), (344 bytes).
    Removing stm32f0xx_hal_i2c.o(i.HAL_I2C_Mem_Read_DMA), (248 bytes).
    Removing stm32f0xx_hal_i2c.o(i.HAL_I2C_Mem_Read_IT), (188 bytes).
    Removing stm32f0xx_hal_i2c.o(i.HAL_I2C_Mem_Write), (340 bytes).
    Removing stm32f0xx_hal_i2c.o(i.HAL_I2C_Mem_Write_DMA), (244 bytes).
    Removing stm32f0xx_hal_i2c.o(i.HAL_I2C_Mem_Write_IT), (184 bytes).
    Removing stm32f0xx_hal_i2c.o(i.HAL_I2C_MspDeInit), (2 bytes).
    Removing stm32f0xx_hal_i2c.o(i.HAL_I2C_MspInit), (2 bytes).
    Removing stm32f0xx_hal_i2c.o(i.HAL_I2C_Slave_Receive), (292 bytes).
    Removing stm32f0xx_hal_i2c.o(i.HAL_I2C_Slave_Receive_DMA), (156 bytes).
    Removing stm32f0xx_hal_i2c.o(i.HAL_I2C_Slave_Receive_IT), (88 bytes).
    Removing stm32f0xx_hal_i2c.o(i.HAL_I2C_Slave_Transmit), (300 bytes).
    Removing stm32f0xx_hal_i2c.o(i.HAL_I2C_Slave_Transmit_DMA), (156 bytes).
    Removing stm32f0xx_hal_i2c.o(i.HAL_I2C_Slave_Transmit_IT), (88 bytes).
    Removing stm32f0xx_hal_i2c.o(i.I2C_DMAError), (24 bytes).
    Removing stm32f0xx_hal_i2c.o(i.I2C_DMAMasterReceiveCplt), (68 bytes).
    Removing stm32f0xx_hal_i2c.o(i.I2C_DMAMasterTransmitCplt), (68 bytes).
    Removing stm32f0xx_hal_i2c.o(i.I2C_DMASlaveReceiveCplt), (2 bytes).
    Removing stm32f0xx_hal_i2c.o(i.I2C_DMASlaveTransmitCplt), (2 bytes).
    Removing stm32f0xx_hal_i2c.o(i.I2C_ITMasterSequentialCplt), (70 bytes).
    Removing stm32f0xx_hal_i2c.o(i.I2C_Master_ISR_IT), (296 bytes).
    Removing stm32f0xx_hal_i2c.o(i.I2C_RequestMemoryRead), (106 bytes).
    Removing stm32f0xx_hal_i2c.o(i.I2C_RequestMemoryWrite), (106 bytes).
    Removing stm32f0xx_hal_i2c_ex.o(.rev16_text), (4 bytes).
    Removing stm32f0xx_hal_i2c_ex.o(.revsh_text), (4 bytes).
    Removing stm32f0xx_hal_i2c_ex.o(i.HAL_I2CEx_DisableFastModePlus), (36 bytes).
    Removing stm32f0xx_hal_i2c_ex.o(i.HAL_I2CEx_EnableFastModePlus), (36 bytes).
    Removing stm32f0xx_hal_tim.o(.rev16_text), (4 bytes).
    Removing stm32f0xx_hal_tim.o(.revsh_text), (4 bytes).
    Removing stm32f0xx_hal_tim_ex.o(.rev16_text), (4 bytes).
    Removing stm32f0xx_hal_tim_ex.o(.revsh_text), (4 bytes).
    Removing stm32f0xx_hal_uart.o(.rev16_text), (4 bytes).
    Removing stm32f0xx_hal_uart.o(.revsh_text), (4 bytes).
    Removing stm32f0xx_hal_uart.o(i.HAL_HalfDuplex_EnableReceiver), (54 bytes).
    Removing stm32f0xx_hal_uart.o(i.HAL_HalfDuplex_EnableTransmitter), (54 bytes).
    Removing stm32f0xx_hal_uart.o(i.HAL_HalfDuplex_Init), (108 bytes).
    Removing stm32f0xx_hal_uart.o(i.HAL_MultiProcessor_DisableMuteMode), (46 bytes).
    Removing stm32f0xx_hal_uart.o(i.HAL_MultiProcessor_EnableMuteMode), (46 bytes).
    Removing stm32f0xx_hal_uart.o(i.HAL_MultiProcessor_EnterMuteMode), (12 bytes).
    Removing stm32f0xx_hal_uart.o(i.HAL_MultiProcessor_Init), (140 bytes).
    Removing stm32f0xx_hal_uart.o(i.HAL_UART_Abort), (120 bytes).
    Removing stm32f0xx_hal_uart.o(i.HAL_UART_AbortCpltCallback), (2 bytes).
    Removing stm32f0xx_hal_uart.o(i.HAL_UART_AbortReceive), (80 bytes).
    Removing stm32f0xx_hal_uart.o(i.HAL_UART_AbortReceiveCpltCallback), (2 bytes).
    Removing stm32f0xx_hal_uart.o(i.HAL_UART_AbortReceive_IT), (116 bytes).
    Removing stm32f0xx_hal_uart.o(i.HAL_UART_AbortTransmit), (62 bytes).
    Removing stm32f0xx_hal_uart.o(i.HAL_UART_AbortTransmitCpltCallback), (2 bytes).
    Removing stm32f0xx_hal_uart.o(i.HAL_UART_AbortTransmit_IT), (92 bytes).
    Removing stm32f0xx_hal_uart.o(i.HAL_UART_Abort_IT), (196 bytes).
    Removing stm32f0xx_hal_uart.o(i.HAL_UART_DMAPause), (94 bytes).
    Removing stm32f0xx_hal_uart.o(i.HAL_UART_DMAResume), (86 bytes).
    Removing stm32f0xx_hal_uart.o(i.HAL_UART_DMAStop), (88 bytes).
    Removing stm32f0xx_hal_uart.o(i.HAL_UART_DeInit), (62 bytes).
    Removing stm32f0xx_hal_uart.o(i.HAL_UART_ErrorCallback), (2 bytes).
    Removing stm32f0xx_hal_uart.o(i.HAL_UART_GetError), (4 bytes).
    Removing stm32f0xx_hal_uart.o(i.HAL_UART_GetState), (12 bytes).
    Removing stm32f0xx_hal_uart.o(i.HAL_UART_IRQHandler), (276 bytes).
    Removing stm32f0xx_hal_uart.o(i.HAL_UART_Init), (108 bytes).
    Removing stm32f0xx_hal_uart.o(i.HAL_UART_MspDeInit), (2 bytes).
    Removing stm32f0xx_hal_uart.o(i.HAL_UART_MspInit), (2 bytes).
    Removing stm32f0xx_hal_uart.o(i.HAL_UART_Receive), (228 bytes).
    Removing stm32f0xx_hal_uart.o(i.HAL_UART_Receive_DMA), (164 bytes).
    Removing stm32f0xx_hal_uart.o(i.HAL_UART_Receive_IT), (136 bytes).
    Removing stm32f0xx_hal_uart.o(i.HAL_UART_RxCpltCallback), (2 bytes).
    Removing stm32f0xx_hal_uart.o(i.HAL_UART_RxHalfCpltCallback), (2 bytes).
    Removing stm32f0xx_hal_uart.o(i.HAL_UART_Transmit), (200 bytes).
    Removing stm32f0xx_hal_uart.o(i.HAL_UART_Transmit_DMA), (152 bytes).
    Removing stm32f0xx_hal_uart.o(i.HAL_UART_Transmit_IT), (88 bytes).
    Removing stm32f0xx_hal_uart.o(i.HAL_UART_TxCpltCallback), (2 bytes).
    Removing stm32f0xx_hal_uart.o(i.HAL_UART_TxHalfCpltCallback), (2 bytes).
    Removing stm32f0xx_hal_uart.o(i.UART_AdvFeatureConfig), (202 bytes).
    Removing stm32f0xx_hal_uart.o(i.UART_CheckIdleState), (18 bytes).
    Removing stm32f0xx_hal_uart.o(i.UART_DMAAbortOnError), (20 bytes).
    Removing stm32f0xx_hal_uart.o(i.UART_DMAError), (74 bytes).
    Removing stm32f0xx_hal_uart.o(i.UART_DMAReceiveCplt), (64 bytes).
    Removing stm32f0xx_hal_uart.o(i.UART_DMARxAbortCallback), (54 bytes).
    Removing stm32f0xx_hal_uart.o(i.UART_DMARxHalfCplt), (10 bytes).
    Removing stm32f0xx_hal_uart.o(i.UART_DMARxOnlyAbortCallback), (28 bytes).
    Removing stm32f0xx_hal_uart.o(i.UART_DMATransmitCplt), (48 bytes).
    Removing stm32f0xx_hal_uart.o(i.UART_DMATxAbortCallback), (54 bytes).
    Removing stm32f0xx_hal_uart.o(i.UART_DMATxHalfCplt), (10 bytes).
    Removing stm32f0xx_hal_uart.o(i.UART_DMATxOnlyAbortCallback), (22 bytes).
    Removing stm32f0xx_hal_uart.o(i.UART_EndRxTransfer), (30 bytes).
    Removing stm32f0xx_hal_uart.o(i.UART_EndTransmit_IT), (26 bytes).
    Removing stm32f0xx_hal_uart.o(i.UART_EndTxTransfer), (18 bytes).
    Removing stm32f0xx_hal_uart.o(i.UART_Receive_IT), (122 bytes).
    Removing stm32f0xx_hal_uart.o(i.UART_SetConfig), (304 bytes).
    Removing stm32f0xx_hal_uart.o(i.UART_Transmit_IT), (102 bytes).
    Removing stm32f0xx_hal_uart.o(i.UART_WaitOnFlagUntilTimeout), (98 bytes).
    Removing stm32f0xx_hal_uart_ex.o(.rev16_text), (4 bytes).
    Removing stm32f0xx_hal_uart_ex.o(.revsh_text), (4 bytes).
    Removing stm32f0xx_hal_uart_ex.o(i.HAL_MultiProcessorEx_AddressLength_Set), (54 bytes).
    Removing stm32f0xx_hal_uart_ex.o(i.HAL_RS485Ex_Init), (144 bytes).
    Removing stm32f0xx_hal_rcc.o(.rev16_text), (4 bytes).
    Removing stm32f0xx_hal_rcc.o(.revsh_text), (4 bytes).
    Removing stm32f0xx_hal_rcc.o(i.HAL_RCC_CSSCallback), (2 bytes).
    Removing stm32f0xx_hal_rcc.o(i.HAL_RCC_DeInit), (76 bytes).
    Removing stm32f0xx_hal_rcc.o(i.HAL_RCC_DisableCSS), (20 bytes).
    Removing stm32f0xx_hal_rcc.o(i.HAL_RCC_EnableCSS), (20 bytes).
    Removing stm32f0xx_hal_rcc.o(i.HAL_RCC_GetClockConfig), (56 bytes).
    Removing stm32f0xx_hal_rcc.o(i.HAL_RCC_GetOscConfig), (156 bytes).
    Removing stm32f0xx_hal_rcc.o(i.HAL_RCC_GetPCLK1Freq), (32 bytes).
    Removing stm32f0xx_hal_rcc.o(i.HAL_RCC_MCOConfig), (76 bytes).
    Removing stm32f0xx_hal_rcc.o(i.HAL_RCC_NMI_IRQHandler), (24 bytes).
    Removing stm32f0xx_hal_rcc_ex.o(.rev16_text), (4 bytes).
    Removing stm32f0xx_hal_rcc_ex.o(.revsh_text), (4 bytes).
    Removing stm32f0xx_hal_rcc_ex.o(i.HAL_RCCEx_GetPeriphCLKConfig), (44 bytes).
    Removing stm32f0xx_hal_rcc_ex.o(i.HAL_RCCEx_GetPeriphCLKFreq), (156 bytes).
    Removing stm32f0xx_hal.o(.rev16_text), (4 bytes).
    Removing stm32f0xx_hal.o(.revsh_text), (4 bytes).
    Removing stm32f0xx_hal.o(i.HAL_DBGMCU_DisableDBGStandbyMode), (16 bytes).
    Removing stm32f0xx_hal.o(i.HAL_DBGMCU_DisableDBGStopMode), (16 bytes).
    Removing stm32f0xx_hal.o(i.HAL_DBGMCU_EnableDBGStandbyMode), (16 bytes).
    Removing stm32f0xx_hal.o(i.HAL_DBGMCU_EnableDBGStopMode), (16 bytes).
    Removing stm32f0xx_hal.o(i.HAL_DeInit), (36 bytes).
    Removing stm32f0xx_hal.o(i.HAL_GetDEVID), (16 bytes).
    Removing stm32f0xx_hal.o(i.HAL_GetHalVersion), (8 bytes).
    Removing stm32f0xx_hal.o(i.HAL_GetREVID), (12 bytes).
    Removing stm32f0xx_hal.o(i.HAL_GetUIDw0), (12 bytes).
    Removing stm32f0xx_hal.o(i.HAL_GetUIDw1), (12 bytes).
    Removing stm32f0xx_hal.o(i.HAL_GetUIDw2), (12 bytes).
    Removing stm32f0xx_hal.o(i.HAL_MspDeInit), (2 bytes).
    Removing stm32f0xx_hal.o(i.HAL_MspInit), (2 bytes).
    Removing stm32f0xx_hal.o(i.HAL_ResumeTick), (16 bytes).
    Removing stm32f0xx_hal.o(i.HAL_SuspendTick), (16 bytes).
    Removing stm32f0xx_hal_gpio.o(.rev16_text), (4 bytes).
    Removing stm32f0xx_hal_gpio.o(.revsh_text), (4 bytes).
    Removing stm32f0xx_hal_gpio.o(i.HAL_GPIO_DeInit), (212 bytes).
    Removing stm32f0xx_hal_gpio.o(i.HAL_GPIO_EXTI_Callback), (2 bytes).
    Removing stm32f0xx_hal_gpio.o(i.HAL_GPIO_EXTI_IRQHandler), (24 bytes).
    Removing stm32f0xx_hal_gpio.o(i.HAL_GPIO_LockPin), (36 bytes).
    Removing stm32f0xx_hal_gpio.o(i.HAL_GPIO_TogglePin), (8 bytes).
    Removing stm32f0xx_hal_dma.o(.rev16_text), (4 bytes).
    Removing stm32f0xx_hal_dma.o(.revsh_text), (4 bytes).
    Removing stm32f0xx_hal_dma.o(i.DMA_CalcBaseAndBitshift), (36 bytes).
    Removing stm32f0xx_hal_dma.o(i.DMA_SetConfig), (40 bytes).
    Removing stm32f0xx_hal_dma.o(i.HAL_DMA_Abort), (44 bytes).
    Removing stm32f0xx_hal_dma.o(i.HAL_DMA_DeInit), (66 bytes).
    Removing stm32f0xx_hal_dma.o(i.HAL_DMA_GetError), (4 bytes).
    Removing stm32f0xx_hal_dma.o(i.HAL_DMA_GetState), (6 bytes).
    Removing stm32f0xx_hal_dma.o(i.HAL_DMA_IRQHandler), (156 bytes).
    Removing stm32f0xx_hal_dma.o(i.HAL_DMA_Init), (88 bytes).
    Removing stm32f0xx_hal_dma.o(i.HAL_DMA_PollForTransfer), (176 bytes).
    Removing stm32f0xx_hal_dma.o(i.HAL_DMA_RegisterCallback), (72 bytes).
    Removing stm32f0xx_hal_dma.o(i.HAL_DMA_Start), (74 bytes).
    Removing stm32f0xx_hal_dma.o(i.HAL_DMA_Start_IT), (106 bytes).
    Removing stm32f0xx_hal_dma.o(i.HAL_DMA_UnRegisterCallback), (78 bytes).
    Removing stm32f0xx_hal_cortex.o(.rev16_text), (4 bytes).
    Removing stm32f0xx_hal_cortex.o(.revsh_text), (4 bytes).
    Removing stm32f0xx_hal_cortex.o(i.HAL_NVIC_ClearPendingIRQ), (20 bytes).
    Removing stm32f0xx_hal_cortex.o(i.HAL_NVIC_DisableIRQ), (20 bytes).
    Removing stm32f0xx_hal_cortex.o(i.HAL_NVIC_GetPendingIRQ), (28 bytes).
    Removing stm32f0xx_hal_cortex.o(i.HAL_NVIC_GetPriority), (52 bytes).
    Removing stm32f0xx_hal_cortex.o(i.HAL_NVIC_SetPendingIRQ), (20 bytes).
    Removing stm32f0xx_hal_cortex.o(i.HAL_NVIC_SystemReset), (28 bytes).
    Removing stm32f0xx_hal_cortex.o(i.HAL_SYSTICK_CLKSourceConfig), (24 bytes).
    Removing stm32f0xx_hal_cortex.o(i.HAL_SYSTICK_Callback), (2 bytes).
    Removing stm32f0xx_hal_cortex.o(i.HAL_SYSTICK_IRQHandler), (8 bytes).
    Removing stm32f0xx_hal_pwr.o(.rev16_text), (4 bytes).
    Removing stm32f0xx_hal_pwr.o(.revsh_text), (4 bytes).
    Removing stm32f0xx_hal_pwr.o(i.HAL_PWR_DeInit), (24 bytes).
    Removing stm32f0xx_hal_pwr.o(i.HAL_PWR_DisableBkUpAccess), (16 bytes).
    Removing stm32f0xx_hal_pwr.o(i.HAL_PWR_DisableSEVOnPend), (16 bytes).
    Removing stm32f0xx_hal_pwr.o(i.HAL_PWR_DisableSleepOnExit), (16 bytes).
    Removing stm32f0xx_hal_pwr.o(i.HAL_PWR_DisableWakeUpPin), (16 bytes).
    Removing stm32f0xx_hal_pwr.o(i.HAL_PWR_EnableBkUpAccess), (16 bytes).
    Removing stm32f0xx_hal_pwr.o(i.HAL_PWR_EnableSEVOnPend), (16 bytes).
    Removing stm32f0xx_hal_pwr.o(i.HAL_PWR_EnableSleepOnExit), (16 bytes).
    Removing stm32f0xx_hal_pwr.o(i.HAL_PWR_EnableWakeUpPin), (16 bytes).
    Removing stm32f0xx_hal_pwr.o(i.HAL_PWR_EnterSLEEPMode), (32 bytes).
    Removing stm32f0xx_hal_pwr.o(i.HAL_PWR_EnterSTANDBYMode), (32 bytes).
    Removing stm32f0xx_hal_pwr.o(i.HAL_PWR_EnterSTOPMode), (52 bytes).
    Removing stm32f0xx_hal_pwr_ex.o(.rev16_text), (4 bytes).
    Removing stm32f0xx_hal_pwr_ex.o(.revsh_text), (4 bytes).
    Removing stm32f0xx_hal_flash.o(.rev16_text), (4 bytes).
    Removing stm32f0xx_hal_flash.o(.revsh_text), (4 bytes).
    Removing stm32f0xx_hal_flash.o(i.FLASH_Program_HalfWord), (32 bytes).
    Removing stm32f0xx_hal_flash.o(i.FLASH_SetErrorCode), (56 bytes).
    Removing stm32f0xx_hal_flash.o(i.FLASH_WaitForLastOperation), (80 bytes).
    Removing stm32f0xx_hal_flash.o(i.HAL_FLASH_EndOfOperationCallback), (2 bytes).
    Removing stm32f0xx_hal_flash.o(i.HAL_FLASH_GetError), (12 bytes).
    Removing stm32f0xx_hal_flash.o(i.HAL_FLASH_IRQHandler), (268 bytes).
    Removing stm32f0xx_hal_flash.o(i.HAL_FLASH_Lock), (20 bytes).
    Removing stm32f0xx_hal_flash.o(i.HAL_FLASH_OB_Launch), (32 bytes).
    Removing stm32f0xx_hal_flash.o(i.HAL_FLASH_OB_Lock), (20 bytes).
    Removing stm32f0xx_hal_flash.o(i.HAL_FLASH_OB_Unlock), (36 bytes).
    Removing stm32f0xx_hal_flash.o(i.HAL_FLASH_OperationErrorCallback), (2 bytes).
    Removing stm32f0xx_hal_flash.o(i.HAL_FLASH_Program), (124 bytes).
    Removing stm32f0xx_hal_flash.o(i.HAL_FLASH_Program_IT), (100 bytes).
    Removing stm32f0xx_hal_flash.o(i.HAL_FLASH_Unlock), (40 bytes).
    Removing stm32f0xx_hal_flash.o(.bss), (32 bytes).
    Removing stm32f0xx_hal_flash_ex.o(.rev16_text), (4 bytes).
    Removing stm32f0xx_hal_flash_ex.o(.revsh_text), (4 bytes).
    Removing stm32f0xx_hal_flash_ex.o(i.FLASH_MassErase), (36 bytes).
    Removing stm32f0xx_hal_flash_ex.o(i.FLASH_OB_DisableWRP), (108 bytes).
    Removing stm32f0xx_hal_flash_ex.o(i.FLASH_OB_EnableWRP), (108 bytes).
    Removing stm32f0xx_hal_flash_ex.o(i.FLASH_OB_GetRDP), (32 bytes).
    Removing stm32f0xx_hal_flash_ex.o(i.FLASH_OB_RDP_LevelConfig), (96 bytes).
    Removing stm32f0xx_hal_flash_ex.o(i.FLASH_PageErase), (36 bytes).
    Removing stm32f0xx_hal_flash_ex.o(i.HAL_FLASHEx_Erase), (160 bytes).
    Removing stm32f0xx_hal_flash_ex.o(i.HAL_FLASHEx_Erase_IT), (88 bytes).
    Removing stm32f0xx_hal_flash_ex.o(i.HAL_FLASHEx_OBErase), (80 bytes).
    Removing stm32f0xx_hal_flash_ex.o(i.HAL_FLASHEx_OBGetConfig), (36 bytes).
    Removing stm32f0xx_hal_flash_ex.o(i.HAL_FLASHEx_OBGetUserData), (28 bytes).
    Removing stm32f0xx_hal_flash_ex.o(i.HAL_FLASHEx_OBProgram), (204 bytes).
    Removing system_stm32f0xx.o(.rev16_text), (4 bytes).
    Removing system_stm32f0xx.o(.revsh_text), (4 bytes).
    Removing system_stm32f0xx.o(i.SystemCoreClockUpdate), (116 bytes).
    Removing system_stm32f0xx.o(.constdata), (8 bytes).
    Removing main.o(i.__ARM_common_switch8), (26 bytes).

287 unused section(s) (total 17192 bytes) removed from the image.

==============================================================================

Image Symbol Table

    Local Symbols

    Symbol Name                              Value     Ov Type        Size  Object(Section)

    ../Drivers/STM32F0xx_HAL_Driver/Src/stm32f0xx_hal.c 0x00000000   Number         0  stm32f0xx_hal.o ABSOLUTE
    ../Drivers/STM32F0xx_HAL_Driver/Src/stm32f0xx_hal_cortex.c 0x00000000   Number         0  stm32f0xx_hal_cortex.o ABSOLUTE
    ../Drivers/STM32F0xx_HAL_Driver/Src/stm32f0xx_hal_dma.c 0x00000000   Number         0  stm32f0xx_hal_dma.o ABSOLUTE
    ../Drivers/STM32F0xx_HAL_Driver/Src/stm32f0xx_hal_flash.c 0x00000000   Number         0  stm32f0xx_hal_flash.o ABSOLUTE
    ../Drivers/STM32F0xx_HAL_Driver/Src/stm32f0xx_hal_flash_ex.c 0x00000000   Number         0  stm32f0xx_hal_flash_ex.o ABSOLUTE
    ../Drivers/STM32F0xx_HAL_Driver/Src/stm32f0xx_hal_gpio.c 0x00000000   Number         0  stm32f0xx_hal_gpio.o ABSOLUTE
    ../Drivers/STM32F0xx_HAL_Driver/Src/stm32f0xx_hal_i2c.c 0x00000000   Number         0  stm32f0xx_hal_i2c.o ABSOLUTE
    ../Drivers/STM32F0xx_HAL_Driver/Src/stm32f0xx_hal_i2c_ex.c 0x00000000   Number         0  stm32f0xx_hal_i2c_ex.o ABSOLUTE
    ../Drivers/STM32F0xx_HAL_Driver/Src/stm32f0xx_hal_pwr.c 0x00000000   Number         0  stm32f0xx_hal_pwr.o ABSOLUTE
    ../Drivers/STM32F0xx_HAL_Driver/Src/stm32f0xx_hal_pwr_ex.c 0x00000000   Number         0  stm32f0xx_hal_pwr_ex.o ABSOLUTE
    ../Drivers/STM32F0xx_HAL_Driver/Src/stm32f0xx_hal_rcc.c 0x00000000   Number         0  stm32f0xx_hal_rcc.o ABSOLUTE
    ../Drivers/STM32F0xx_HAL_Driver/Src/stm32f0xx_hal_rcc_ex.c 0x00000000   Number         0  stm32f0xx_hal_rcc_ex.o ABSOLUTE
    ../Drivers/STM32F0xx_HAL_Driver/Src/stm32f0xx_hal_tim.c 0x00000000   Number         0  stm32f0xx_hal_tim.o ABSOLUTE
    ../Drivers/STM32F0xx_HAL_Driver/Src/stm32f0xx_hal_tim_ex.c 0x00000000   Number         0  stm32f0xx_hal_tim_ex.o ABSOLUTE
    ../Drivers/STM32F0xx_HAL_Driver/Src/stm32f0xx_hal_uart.c 0x00000000   Number         0  stm32f0xx_hal_uart.o ABSOLUTE
    ../Drivers/STM32F0xx_HAL_Driver/Src/stm32f0xx_hal_uart_ex.c 0x00000000   Number         0  stm32f0xx_hal_uart_ex.o ABSOLUTE
    ../Src/gpio.c                            0x00000000   Number         0  gpio.o ABSOLUTE
    ../Src/i2c.c                             0x00000000   Number         0  i2c.o ABSOLUTE
    ../Src/main.c                            0x00000000   Number         0  main.o ABSOLUTE
    ../Src/stm32f0xx_hal_msp.c               0x00000000   Number         0  stm32f0xx_hal_msp.o ABSOLUTE
    ../Src/stm32f0xx_it.c                    0x00000000   Number         0  stm32f0xx_it.o ABSOLUTE
    ../Src/system_stm32f0xx.c                0x00000000   Number         0  system_stm32f0xx.o ABSOLUTE
    ../Src/usart.c                           0x00000000   Number         0  usart.o ABSOLUTE
    ../clib/microlib/division.c              0x00000000   Number         0  idiv.o ABSOLUTE
    ../clib/microlib/division.c              0x00000000   Number         0  uidiv.o ABSOLUTE
    ../clib/microlib/init/entry.s            0x00000000   Number         0  entry7a.o ABSOLUTE
    ../clib/microlib/init/entry.s            0x00000000   Number         0  entry8a.o ABSOLUTE
    ../clib/microlib/init/entry.s            0x00000000   Number         0  entry5.o ABSOLUTE
    ../clib/microlib/init/entry.s            0x00000000   Number         0  entry2.o ABSOLUTE
    ../clib/microlib/init/entry.s            0x00000000   Number         0  entry8b.o ABSOLUTE
    ../clib/microlib/init/entry.s            0x00000000   Number         0  entry9a.o ABSOLUTE
    ../clib/microlib/init/entry.s            0x00000000   Number         0  entry9b.o ABSOLUTE
    ../clib/microlib/init/entry.s            0x00000000   Number         0  entry10a.o ABSOLUTE
    ../clib/microlib/init/entry.s            0x00000000   Number         0  entry10b.o ABSOLUTE
    ../clib/microlib/init/entry.s            0x00000000   Number         0  entry11a.o ABSOLUTE
    ../clib/microlib/init/entry.s            0x00000000   Number         0  entry.o ABSOLUTE
    ../clib/microlib/init/entry.s            0x00000000   Number         0  entry11b.o ABSOLUTE
    ../clib/microlib/init/entry.s            0x00000000   Number         0  entry7b.o ABSOLUTE
    ../clib/microlib/longlong.c              0x00000000   Number         0  llushr.o ABSOLUTE
    ../clib/microlib/string/memset.c         0x00000000   Number         0  memseta.o ABSOLUTE
    ..\Drivers\STM32F0xx_HAL_Driver\Src\stm32f0xx_hal.c 0x00000000   Number         0  stm32f0xx_hal.o ABSOLUTE
    ..\Drivers\STM32F0xx_HAL_Driver\Src\stm32f0xx_hal_cortex.c 0x00000000   Number         0  stm32f0xx_hal_cortex.o ABSOLUTE
    ..\Drivers\STM32F0xx_HAL_Driver\Src\stm32f0xx_hal_dma.c 0x00000000   Number         0  stm32f0xx_hal_dma.o ABSOLUTE
    ..\Drivers\STM32F0xx_HAL_Driver\Src\stm32f0xx_hal_flash.c 0x00000000   Number         0  stm32f0xx_hal_flash.o ABSOLUTE
    ..\Drivers\STM32F0xx_HAL_Driver\Src\stm32f0xx_hal_flash_ex.c 0x00000000   Number         0  stm32f0xx_hal_flash_ex.o ABSOLUTE
    ..\Drivers\STM32F0xx_HAL_Driver\Src\stm32f0xx_hal_gpio.c 0x00000000   Number         0  stm32f0xx_hal_gpio.o ABSOLUTE
    ..\Drivers\STM32F0xx_HAL_Driver\Src\stm32f0xx_hal_i2c.c 0x00000000   Number         0  stm32f0xx_hal_i2c.o ABSOLUTE
    ..\Drivers\STM32F0xx_HAL_Driver\Src\stm32f0xx_hal_i2c_ex.c 0x00000000   Number         0  stm32f0xx_hal_i2c_ex.o ABSOLUTE
    ..\Drivers\STM32F0xx_HAL_Driver\Src\stm32f0xx_hal_pwr.c 0x00000000   Number         0  stm32f0xx_hal_pwr.o ABSOLUTE
    ..\Drivers\STM32F0xx_HAL_Driver\Src\stm32f0xx_hal_pwr_ex.c 0x00000000   Number         0  stm32f0xx_hal_pwr_ex.o ABSOLUTE
    ..\Drivers\STM32F0xx_HAL_Driver\Src\stm32f0xx_hal_rcc.c 0x00000000   Number         0  stm32f0xx_hal_rcc.o ABSOLUTE
    ..\Drivers\STM32F0xx_HAL_Driver\Src\stm32f0xx_hal_rcc_ex.c 0x00000000   Number         0  stm32f0xx_hal_rcc_ex.o ABSOLUTE
    ..\Drivers\STM32F0xx_HAL_Driver\Src\stm32f0xx_hal_tim.c 0x00000000   Number         0  stm32f0xx_hal_tim.o ABSOLUTE
    ..\Drivers\STM32F0xx_HAL_Driver\Src\stm32f0xx_hal_tim_ex.c 0x00000000   Number         0  stm32f0xx_hal_tim_ex.o ABSOLUTE
    ..\Drivers\STM32F0xx_HAL_Driver\Src\stm32f0xx_hal_uart.c 0x00000000   Number         0  stm32f0xx_hal_uart.o ABSOLUTE
    ..\Drivers\STM32F0xx_HAL_Driver\Src\stm32f0xx_hal_uart_ex.c 0x00000000   Number         0  stm32f0xx_hal_uart_ex.o ABSOLUTE
    ..\Src\gpio.c                            0x00000000   Number         0  gpio.o ABSOLUTE
    ..\Src\i2c.c                             0x00000000   Number         0  i2c.o ABSOLUTE
    ..\Src\main.c                            0x00000000   Number         0  main.o ABSOLUTE
    ..\Src\stm32f0xx_hal_msp.c               0x00000000   Number         0  stm32f0xx_hal_msp.o ABSOLUTE
    ..\Src\stm32f0xx_it.c                    0x00000000   Number         0  stm32f0xx_it.o ABSOLUTE
    ..\Src\system_stm32f0xx.c                0x00000000   Number         0  system_stm32f0xx.o ABSOLUTE
    ..\Src\usart.c                           0x00000000   Number         0  usart.o ABSOLUTE
    dc.s                                     0x00000000   Number         0  dc.o ABSOLUTE
    handlers.s                               0x00000000   Number         0  handlers.o ABSOLUTE
    init.s                                   0x00000000   Number         0  init.o ABSOLUTE
    startup_stm32f030x8.s                    0x00000000   Number         0  startup_stm32f030x8.o ABSOLUTE
    RESET                                    0x08000000   Section      180  startup_stm32f030x8.o(RESET)
    .ARM.Collect$$$$00000000                 0x080000b4   Section        0  entry.o(.ARM.Collect$$$$00000000)
    .ARM.Collect$$$$00000001                 0x080000b4   Section        4  entry2.o(.ARM.Collect$$$$00000001)
    .ARM.Collect$$$$00000004                 0x080000b8   Section        4  entry5.o(.ARM.Collect$$$$00000004)
    .ARM.Collect$$$$00000008                 0x080000bc   Section        0  entry7b.o(.ARM.Collect$$$$00000008)
    .ARM.Collect$$$$0000000A                 0x080000bc   Section        0  entry8b.o(.ARM.Collect$$$$0000000A)
    .ARM.Collect$$$$0000000B                 0x080000bc   Section        8  entry9a.o(.ARM.Collect$$$$0000000B)
    .ARM.Collect$$$$0000000D                 0x080000c4   Section        0  entry10a.o(.ARM.Collect$$$$0000000D)
    .ARM.Collect$$$$0000000F                 0x080000c4   Section        0  entry11a.o(.ARM.Collect$$$$0000000F)
    .ARM.Collect$$$$00002712                 0x080000c4   Section        4  entry2.o(.ARM.Collect$$$$00002712)
    __lit__00000000                          0x080000c4   Data           4  entry2.o(.ARM.Collect$$$$00002712)
    .text                                    0x080000c8   Section       28  startup_stm32f030x8.o(.text)
    .text                                    0x080000e4   Section        0  uidiv.o(.text)
    .text                                    0x08000110   Section        0  memseta.o(.text)
    .text                                    0x08000134   Section       36  init.o(.text)
    i.Error_Handler                          0x08000158   Section        0  main.o(i.Error_Handler)
    i.HAL_DMA_Abort_IT                       0x0800015a   Section        0  stm32f0xx_hal_dma.o(i.HAL_DMA_Abort_IT)
    i.HAL_Delay                              0x080001a2   Section        0  stm32f0xx_hal.o(i.HAL_Delay)
    i.HAL_GPIO_Init                          0x080001c0   Section        0  stm32f0xx_hal_gpio.o(i.HAL_GPIO_Init)
    i.HAL_GPIO_ReadPin                       0x08000308   Section        0  stm32f0xx_hal_gpio.o(i.HAL_GPIO_ReadPin)
    i.HAL_GPIO_WritePin                      0x08000312   Section        0  stm32f0xx_hal_gpio.o(i.HAL_GPIO_WritePin)
    i.HAL_GetTick                            0x08000320   Section        0  stm32f0xx_hal.o(i.HAL_GetTick)
    i.HAL_I2CEx_ConfigAnalogFilter           0x0800032c   Section        0  stm32f0xx_hal_i2c_ex.o(i.HAL_I2CEx_ConfigAnalogFilter)
    i.HAL_I2CEx_ConfigDigitalFilter          0x08000376   Section        0  stm32f0xx_hal_i2c_ex.o(i.HAL_I2CEx_ConfigDigitalFilter)
    i.HAL_I2C_AbortCpltCallback              0x080003be   Section        0  stm32f0xx_hal_i2c.o(i.HAL_I2C_AbortCpltCallback)
    i.HAL_I2C_AddrCallback                   0x080003c0   Section        0  main.o(i.HAL_I2C_AddrCallback)
    i.HAL_I2C_ER_IRQHandler                  0x08000478   Section        0  stm32f0xx_hal_i2c.o(i.HAL_I2C_ER_IRQHandler)
    i.HAL_I2C_EV_IRQHandler                  0x080004d0   Section        0  stm32f0xx_hal_i2c.o(i.HAL_I2C_EV_IRQHandler)
    i.HAL_I2C_EnableListen_IT                0x080004e0   Section        0  stm32f0xx_hal_i2c.o(i.HAL_I2C_EnableListen_IT)
    i.HAL_I2C_ErrorCallback                  0x08000508   Section        0  stm32f0xx_hal_i2c.o(i.HAL_I2C_ErrorCallback)
    i.HAL_I2C_Init                           0x0800050c   Section        0  stm32f0xx_hal_i2c.o(i.HAL_I2C_Init)
    i.HAL_I2C_ListenCpltCallback             0x080005c0   Section        0  main.o(i.HAL_I2C_ListenCpltCallback)
    i.HAL_I2C_MasterRxCpltCallback           0x080005c8   Section        0  stm32f0xx_hal_i2c.o(i.HAL_I2C_MasterRxCpltCallback)
    i.HAL_I2C_MasterTxCpltCallback           0x080005ca   Section        0  stm32f0xx_hal_i2c.o(i.HAL_I2C_MasterTxCpltCallback)
    i.HAL_I2C_Master_Receive                 0x080005cc   Section        0  stm32f0xx_hal_i2c.o(i.HAL_I2C_Master_Receive)
    i.HAL_I2C_Master_Transmit                0x080006e4   Section        0  stm32f0xx_hal_i2c.o(i.HAL_I2C_Master_Transmit)
    i.HAL_I2C_MemRxCpltCallback              0x080007fc   Section        0  stm32f0xx_hal_i2c.o(i.HAL_I2C_MemRxCpltCallback)
    i.HAL_I2C_MemTxCpltCallback              0x080007fe   Section        0  stm32f0xx_hal_i2c.o(i.HAL_I2C_MemTxCpltCallback)
    i.HAL_I2C_MspInit                        0x08000800   Section        0  i2c.o(i.HAL_I2C_MspInit)
    i.HAL_I2C_SlaveRxCpltCallback            0x080008b0   Section        0  stm32f0xx_hal_i2c.o(i.HAL_I2C_SlaveRxCpltCallback)
    i.HAL_I2C_SlaveTxCpltCallback            0x080008b2   Section        0  stm32f0xx_hal_i2c.o(i.HAL_I2C_SlaveTxCpltCallback)
    i.HAL_I2C_Slave_Sequential_Receive_IT    0x080008b4   Section        0  stm32f0xx_hal_i2c.o(i.HAL_I2C_Slave_Sequential_Receive_IT)
    i.HAL_I2C_Slave_Sequential_Transmit_IT   0x08000944   Section        0  stm32f0xx_hal_i2c.o(i.HAL_I2C_Slave_Sequential_Transmit_IT)
    i.HAL_IncTick                            0x080009d4   Section        0  stm32f0xx_hal.o(i.HAL_IncTick)
    i.HAL_Init                               0x080009e4   Section        0  stm32f0xx_hal.o(i.HAL_Init)
    i.HAL_InitTick                           0x08000a04   Section        0  stm32f0xx_hal.o(i.HAL_InitTick)
    i.HAL_MspInit                            0x08000a28   Section        0  stm32f0xx_hal_msp.o(i.HAL_MspInit)
    i.HAL_NVIC_EnableIRQ                     0x08000a50   Section        0  stm32f0xx_hal_cortex.o(i.HAL_NVIC_EnableIRQ)
    i.HAL_NVIC_SetPriority                   0x08000a64   Section        0  stm32f0xx_hal_cortex.o(i.HAL_NVIC_SetPriority)
    i.HAL_RCCEx_PeriphCLKConfig              0x08000a6c   Section        0  stm32f0xx_hal_rcc_ex.o(i.HAL_RCCEx_PeriphCLKConfig)
    i.HAL_RCC_ClockConfig                    0x08000b54   Section        0  stm32f0xx_hal_rcc.o(i.HAL_RCC_ClockConfig)
    i.HAL_RCC_GetHCLKFreq                    0x08000c80   Section        0  stm32f0xx_hal_rcc.o(i.HAL_RCC_GetHCLKFreq)
    i.HAL_RCC_GetSysClockFreq                0x08000c8c   Section        0  stm32f0xx_hal_rcc.o(i.HAL_RCC_GetSysClockFreq)
    i.HAL_RCC_OscConfig                      0x08000d08   Section        0  stm32f0xx_hal_rcc.o(i.HAL_RCC_OscConfig)
    i.HAL_SYSTICK_Config                     0x0800105c   Section        0  stm32f0xx_hal_cortex.o(i.HAL_SYSTICK_Config)
    i.HardFault_Handler                      0x0800108c   Section        0  stm32f0xx_it.o(i.HardFault_Handler)
    i.I2C1_IRQHandler                        0x08001090   Section        0  stm32f0xx_it.o(i.I2C1_IRQHandler)
    i.I2C_DMAAbort                           0x080010b0   Section        0  stm32f0xx_hal_i2c.o(i.I2C_DMAAbort)
    I2C_DMAAbort                             0x080010b1   Thumb Code    52  stm32f0xx_hal_i2c.o(i.I2C_DMAAbort)
    i.I2C_Disable_IRQ                        0x080010e4   Section        0  stm32f0xx_hal_i2c.o(i.I2C_Disable_IRQ)
    I2C_Disable_IRQ                          0x080010e5   Thumb Code    86  stm32f0xx_hal_i2c.o(i.I2C_Disable_IRQ)
    i.I2C_Enable_IRQ                         0x0800113c   Section        0  stm32f0xx_hal_i2c.o(i.I2C_Enable_IRQ)
    I2C_Enable_IRQ                           0x0800113d   Thumb Code    92  stm32f0xx_hal_i2c.o(i.I2C_Enable_IRQ)
    i.I2C_Flush_TXDR                         0x080011a0   Section        0  stm32f0xx_hal_i2c.o(i.I2C_Flush_TXDR)
    I2C_Flush_TXDR                           0x080011a1   Thumb Code    34  stm32f0xx_hal_i2c.o(i.I2C_Flush_TXDR)
    i.I2C_ITAddrCplt                         0x080011c2   Section        0  stm32f0xx_hal_i2c.o(i.I2C_ITAddrCplt)
    I2C_ITAddrCplt                           0x080011c3   Thumb Code   122  stm32f0xx_hal_i2c.o(i.I2C_ITAddrCplt)
    i.I2C_ITError                            0x0800123c   Section        0  stm32f0xx_hal_i2c.o(i.I2C_ITError)
    I2C_ITError                              0x0800123d   Thumb Code   190  stm32f0xx_hal_i2c.o(i.I2C_ITError)
    i.I2C_ITListenCplt                       0x08001308   Section        0  stm32f0xx_hal_i2c.o(i.I2C_ITListenCplt)
    I2C_ITListenCplt                         0x08001309   Thumb Code    90  stm32f0xx_hal_i2c.o(i.I2C_ITListenCplt)
    i.I2C_ITMasterCplt                       0x08001368   Section        0  stm32f0xx_hal_i2c.o(i.I2C_ITMasterCplt)
    I2C_ITMasterCplt                         0x08001369   Thumb Code   152  stm32f0xx_hal_i2c.o(i.I2C_ITMasterCplt)
    i.I2C_ITSlaveCplt                        0x08001408   Section        0  stm32f0xx_hal_i2c.o(i.I2C_ITSlaveCplt)
    I2C_ITSlaveCplt                          0x08001409   Thumb Code   224  stm32f0xx_hal_i2c.o(i.I2C_ITSlaveCplt)
    i.I2C_ITSlaveSequentialCplt              0x080014f0   Section        0  stm32f0xx_hal_i2c.o(i.I2C_ITSlaveSequentialCplt)
    I2C_ITSlaveSequentialCplt                0x080014f1   Thumb Code    74  stm32f0xx_hal_i2c.o(i.I2C_ITSlaveSequentialCplt)
    i.I2C_IsAcknowledgeFailed                0x0800153c   Section        0  stm32f0xx_hal_i2c.o(i.I2C_IsAcknowledgeFailed)
    I2C_IsAcknowledgeFailed                  0x0800153d   Thumb Code   110  stm32f0xx_hal_i2c.o(i.I2C_IsAcknowledgeFailed)
    i.I2C_Master_ISR_DMA                     0x080015b0   Section        0  stm32f0xx_hal_i2c.o(i.I2C_Master_ISR_DMA)
    I2C_Master_ISR_DMA                       0x080015b1   Thumb Code   194  stm32f0xx_hal_i2c.o(i.I2C_Master_ISR_DMA)
    i.I2C_Slave_ISR_DMA                      0x08001672   Section        0  stm32f0xx_hal_i2c.o(i.I2C_Slave_ISR_DMA)
    I2C_Slave_ISR_DMA                        0x08001673   Thumb Code   104  stm32f0xx_hal_i2c.o(i.I2C_Slave_ISR_DMA)
    i.I2C_Slave_ISR_IT                       0x080016dc   Section        0  stm32f0xx_hal_i2c.o(i.I2C_Slave_ISR_IT)
    I2C_Slave_ISR_IT                         0x080016dd   Thumb Code   274  stm32f0xx_hal_i2c.o(i.I2C_Slave_ISR_IT)
    i.I2C_TransferConfig                     0x080017f4   Section        0  stm32f0xx_hal_i2c.o(i.I2C_TransferConfig)
    I2C_TransferConfig                       0x080017f5   Thumb Code    30  stm32f0xx_hal_i2c.o(i.I2C_TransferConfig)
    i.I2C_WaitOnFlagUntilTimeout             0x08001818   Section        0  stm32f0xx_hal_i2c.o(i.I2C_WaitOnFlagUntilTimeout)
    I2C_WaitOnFlagUntilTimeout               0x08001819   Thumb Code    72  stm32f0xx_hal_i2c.o(i.I2C_WaitOnFlagUntilTimeout)
    i.I2C_WaitOnRXNEFlagUntilTimeout         0x08001860   Section        0  stm32f0xx_hal_i2c.o(i.I2C_WaitOnRXNEFlagUntilTimeout)
    I2C_WaitOnRXNEFlagUntilTimeout           0x08001861   Thumb Code   114  stm32f0xx_hal_i2c.o(i.I2C_WaitOnRXNEFlagUntilTimeout)
    i.I2C_WaitOnSTOPFlagUntilTimeout         0x080018d8   Section        0  stm32f0xx_hal_i2c.o(i.I2C_WaitOnSTOPFlagUntilTimeout)
    I2C_WaitOnSTOPFlagUntilTimeout           0x080018d9   Thumb Code    78  stm32f0xx_hal_i2c.o(i.I2C_WaitOnSTOPFlagUntilTimeout)
    i.I2C_WaitOnTXISFlagUntilTimeout         0x08001926   Section        0  stm32f0xx_hal_i2c.o(i.I2C_WaitOnTXISFlagUntilTimeout)
    I2C_WaitOnTXISFlagUntilTimeout           0x08001927   Thumb Code    82  stm32f0xx_hal_i2c.o(i.I2C_WaitOnTXISFlagUntilTimeout)
    i.MX_GPIO_Init                           0x08001978   Section        0  gpio.o(i.MX_GPIO_Init)
    i.MX_I2C1_Init                           0x08001a54   Section        0  i2c.o(i.MX_I2C1_Init)
    i.MX_I2C2_Init                           0x08001ac8   Section        0  i2c.o(i.MX_I2C2_Init)
    i.NMI_Handler                            0x08001b20   Section        0  stm32f0xx_it.o(i.NMI_Handler)
    i.NVIC_SetPriority                       0x08001b24   Section        0  stm32f0xx_hal_cortex.o(i.NVIC_SetPriority)
    NVIC_SetPriority                         0x08001b25   Thumb Code    60  stm32f0xx_hal_cortex.o(i.NVIC_SetPriority)
    i.PendSV_Handler                         0x08001b68   Section        0  stm32f0xx_it.o(i.PendSV_Handler)
    i.SVC_Handler                            0x08001b6a   Section        0  stm32f0xx_it.o(i.SVC_Handler)
    i.SysTick_Handler                        0x08001b6c   Section        0  stm32f0xx_it.o(i.SysTick_Handler)
    i.SystemClock_Config                     0x08001b74   Section        0  main.o(i.SystemClock_Config)
    i.SystemInit                             0x08001bd8   Section        0  system_stm32f0xx.o(i.SystemInit)
    i.__scatterload_copy                     0x08001c34   Section       14  handlers.o(i.__scatterload_copy)
    i.__scatterload_null                     0x08001c42   Section        2  handlers.o(i.__scatterload_null)
    i.__scatterload_zeroinit                 0x08001c44   Section       14  handlers.o(i.__scatterload_zeroinit)
    i.enableLightSensor                      0x08001c52   Section        0  main.o(i.enableLightSensor)
    i.enablePower                            0x08001c8a   Section        0  main.o(i.enablePower)
    i.enableProximitySensor                  0x08001c9c   Section        0  main.o(i.enableProximitySensor)
    i.getMode                                0x08001cde   Section        0  main.o(i.getMode)
    i.init                                   0x08001cf8   Section        0  main.o(i.init)
    i.main                                   0x08001e6c   Section        0  main.o(i.main)
    i.readAmbientLight                       0x08001eb0   Section        0  main.o(i.readAmbientLight)
    i.readBlueLight                          0x08001ee6   Section        0  main.o(i.readBlueLight)
    i.readGreenLight                         0x08001f1c   Section        0  main.o(i.readGreenLight)
    i.readProximity                          0x08001f52   Section        0  main.o(i.readProximity)
    i.readRedLight                           0x08001f68   Section        0  main.o(i.readRedLight)
    i.setAmbientLightGain                    0x08001f9e   Section        0  main.o(i.setAmbientLightGain)
    i.setAmbientLightIntEnable               0x08001fcc   Section        0  main.o(i.setAmbientLightIntEnable)
    i.setGestureEnterThresh                  0x08001ffc   Section        0  main.o(i.setGestureEnterThresh)
    i.setGestureExitThresh                   0x0800200e   Section        0  main.o(i.setGestureExitThresh)
    i.setGestureGain                         0x08002020   Section        0  main.o(i.setGestureGain)
    i.setGestureIntEnable                    0x08002050   Section        0  main.o(i.setGestureIntEnable)
    i.setGestureLEDDrive                     0x08002080   Section        0  main.o(i.setGestureLEDDrive)
    i.setGestureWaitTime                     0x080020b0   Section        0  main.o(i.setGestureWaitTime)
    i.setLEDDrive                            0x080020de   Section        0  main.o(i.setLEDDrive)
    i.setLightIntHighThreshold               0x0800210c   Section        0  main.o(i.setLightIntHighThreshold)
    i.setLightIntLowThreshold                0x0800212c   Section        0  main.o(i.setLightIntLowThreshold)
    i.setMode                                0x0800214c   Section        0  main.o(i.setMode)
    i.setProxIntHighThresh                   0x08002196   Section        0  main.o(i.setProxIntHighThresh)
    i.setProxIntLowThresh                    0x080021a8   Section        0  main.o(i.setProxIntLowThresh)
    i.setProximityGain                       0x080021ba   Section        0  main.o(i.setProximityGain)
    i.setProximityIntEnable                  0x080021ea   Section        0  main.o(i.setProximityIntEnable)
    i.wireReadDataByte                       0x0800221c   Section        0  main.o(i.wireReadDataByte)
    i.wireWriteByte                          0x08002244   Section        0  main.o(i.wireWriteByte)
    i.wireWriteDataByte                      0x08002264   Section        0  main.o(i.wireWriteDataByte)
    .constdata                               0x08002288   Section       16  system_stm32f0xx.o(.constdata)
    .data                                    0x20000000   Section       44  main.o(.data)
    .data                                    0x2000002c   Section        4  stm32f0xx_hal.o(.data)
    .data                                    0x20000030   Section        4  system_stm32f0xx.o(.data)
    .bss                                     0x20000034   Section      152  main.o(.bss)
    .bss                                     0x200000cc   Section      152  i2c.o(.bss)
    STACK                                    0x20000168   Section     1024  startup_stm32f030x8.o(STACK)

    Global Symbols

    Symbol Name                              Value     Ov Type        Size  Object(Section)

    BuildAttributes$$THM_ISAv3M$S$PE$A:L22$X:L11$S22$IEEE1$IW$USESV6$~STKCKD$USESV7$~SHL$OSPACE$EBA8$MICROLIB$REQ8$PRES8$EABIv2 0x00000000   Number         0  anon$$obj.o ABSOLUTE
    __ARM_use_no_argv                        0x00000000   Number         0  main.o ABSOLUTE
    __cpp_initialize__aeabi_                  - Undefined Weak Reference
    __cxa_finalize                            - Undefined Weak Reference
    __decompress                              - Undefined Weak Reference
    _clock_init                               - Undefined Weak Reference
    _microlib_exit                            - Undefined Weak Reference
    __Vectors_Size                           0x000000b4   Number         0  startup_stm32f030x8.o ABSOLUTE
    __Vectors                                0x08000000   Data           4  startup_stm32f030x8.o(RESET)
    __Vectors_End                            0x080000b4   Data           0  startup_stm32f030x8.o(RESET)
    __main                                   0x080000b5   Thumb Code     0  entry.o(.ARM.Collect$$$$00000000)
    _main_stk                                0x080000b5   Thumb Code     0  entry2.o(.ARM.Collect$$$$00000001)
    _main_scatterload                        0x080000b9   Thumb Code     0  entry5.o(.ARM.Collect$$$$00000004)
    __main_after_scatterload                 0x080000bd   Thumb Code     0  entry5.o(.ARM.Collect$$$$00000004)
    _main_clock                              0x080000bd   Thumb Code     0  entry7b.o(.ARM.Collect$$$$00000008)
    _main_cpp_init                           0x080000bd   Thumb Code     0  entry8b.o(.ARM.Collect$$$$0000000A)
    _main_init                               0x080000bd   Thumb Code     0  entry9a.o(.ARM.Collect$$$$0000000B)
    __rt_final_cpp                           0x080000c5   Thumb Code     0  entry10a.o(.ARM.Collect$$$$0000000D)
    __rt_final_exit                          0x080000c5   Thumb Code     0  entry11a.o(.ARM.Collect$$$$0000000F)
    Reset_Handler                            0x080000c9   Thumb Code     8  startup_stm32f030x8.o(.text)
    ADC1_IRQHandler                          0x080000db   Thumb Code     0  startup_stm32f030x8.o(.text)
    DMA1_Channel1_IRQHandler                 0x080000db   Thumb Code     0  startup_stm32f030x8.o(.text)
    DMA1_Channel2_3_IRQHandler               0x080000db   Thumb Code     0  startup_stm32f030x8.o(.text)
    DMA1_Channel4_5_IRQHandler               0x080000db   Thumb Code     0  startup_stm32f030x8.o(.text)
    EXTI0_1_IRQHandler                       0x080000db   Thumb Code     0  startup_stm32f030x8.o(.text)
    EXTI2_3_IRQHandler                       0x080000db   Thumb Code     0  startup_stm32f030x8.o(.text)
    EXTI4_15_IRQHandler                      0x080000db   Thumb Code     0  startup_stm32f030x8.o(.text)
    FLASH_IRQHandler                         0x080000db   Thumb Code     0  startup_stm32f030x8.o(.text)
    I2C2_IRQHandler                          0x080000db   Thumb Code     0  startup_stm32f030x8.o(.text)
    RCC_IRQHandler                           0x080000db   Thumb Code     0  startup_stm32f030x8.o(.text)
    RTC_IRQHandler                           0x080000db   Thumb Code     0  startup_stm32f030x8.o(.text)
    SPI1_IRQHandler                          0x080000db   Thumb Code     0  startup_stm32f030x8.o(.text)
    SPI2_IRQHandler                          0x080000db   Thumb Code     0  startup_stm32f030x8.o(.text)
    TIM14_IRQHandler                         0x080000db   Thumb Code     0  startup_stm32f030x8.o(.text)
    TIM15_IRQHandler                         0x080000db   Thumb Code     0  startup_stm32f030x8.o(.text)
    TIM16_IRQHandler                         0x080000db   Thumb Code     0  startup_stm32f030x8.o(.text)
    TIM17_IRQHandler                         0x080000db   Thumb Code     0  startup_stm32f030x8.o(.text)
    TIM1_BRK_UP_TRG_COM_IRQHandler           0x080000db   Thumb Code     0  startup_stm32f030x8.o(.text)
    TIM1_CC_IRQHandler                       0x080000db   Thumb Code     0  startup_stm32f030x8.o(.text)
    TIM3_IRQHandler                          0x080000db   Thumb Code     0  startup_stm32f030x8.o(.text)
    TIM6_IRQHandler                          0x080000db   Thumb Code     0  startup_stm32f030x8.o(.text)
    USART1_IRQHandler                        0x080000db   Thumb Code     0  startup_stm32f030x8.o(.text)
    USART2_IRQHandler                        0x080000db   Thumb Code     0  startup_stm32f030x8.o(.text)
    WWDG_IRQHandler                          0x080000db   Thumb Code     0  startup_stm32f030x8.o(.text)
    __aeabi_uidiv                            0x080000e5   Thumb Code     0  uidiv.o(.text)
    __aeabi_uidivmod                         0x080000e5   Thumb Code    44  uidiv.o(.text)
    __aeabi_memset                           0x08000111   Thumb Code    14  memseta.o(.text)
    __aeabi_memset4                          0x08000111   Thumb Code     0  memseta.o(.text)
    __aeabi_memset8                          0x08000111   Thumb Code     0  memseta.o(.text)
    __aeabi_memclr                           0x0800011f   Thumb Code     4  memseta.o(.text)
    __aeabi_memclr4                          0x0800011f   Thumb Code     0  memseta.o(.text)
    __aeabi_memclr8                          0x0800011f   Thumb Code     0  memseta.o(.text)
    _memset$wrapper                          0x08000123   Thumb Code    18  memseta.o(.text)
    __scatterload                            0x08000135   Thumb Code    28  init.o(.text)
    __scatterload_rt2                        0x08000135   Thumb Code     0  init.o(.text)
    Error_Handler                            0x08000159   Thumb Code     2  main.o(i.Error_Handler)
    HAL_DMA_Abort_IT                         0x0800015b   Thumb Code    72  stm32f0xx_hal_dma.o(i.HAL_DMA_Abort_IT)
    HAL_Delay                                0x080001a3   Thumb Code    28  stm32f0xx_hal.o(i.HAL_Delay)
    HAL_GPIO_Init                            0x080001c1   Thumb Code   302  stm32f0xx_hal_gpio.o(i.HAL_GPIO_Init)
    HAL_GPIO_ReadPin                         0x08000309   Thumb Code    10  stm32f0xx_hal_gpio.o(i.HAL_GPIO_ReadPin)
    HAL_GPIO_WritePin                        0x08000313   Thumb Code    12  stm32f0xx_hal_gpio.o(i.HAL_GPIO_WritePin)
    HAL_GetTick                              0x08000321   Thumb Code     6  stm32f0xx_hal.o(i.HAL_GetTick)
    HAL_I2CEx_ConfigAnalogFilter             0x0800032d   Thumb Code    74  stm32f0xx_hal_i2c_ex.o(i.HAL_I2CEx_ConfigAnalogFilter)
    HAL_I2CEx_ConfigDigitalFilter            0x08000377   Thumb Code    72  stm32f0xx_hal_i2c_ex.o(i.HAL_I2CEx_ConfigDigitalFilter)
    HAL_I2C_AbortCpltCallback                0x080003bf   Thumb Code     2  stm32f0xx_hal_i2c.o(i.HAL_I2C_AbortCpltCallback)
    HAL_I2C_AddrCallback                     0x080003c1   Thumb Code   170  main.o(i.HAL_I2C_AddrCallback)
    HAL_I2C_ER_IRQHandler                    0x08000479   Thumb Code    88  stm32f0xx_hal_i2c.o(i.HAL_I2C_ER_IRQHandler)
    HAL_I2C_EV_IRQHandler                    0x080004d1   Thumb Code    16  stm32f0xx_hal_i2c.o(i.HAL_I2C_EV_IRQHandler)
    HAL_I2C_EnableListen_IT                  0x080004e1   Thumb Code    34  stm32f0xx_hal_i2c.o(i.HAL_I2C_EnableListen_IT)
    HAL_I2C_ErrorCallback                    0x08000509   Thumb Code     2  stm32f0xx_hal_i2c.o(i.HAL_I2C_ErrorCallback)
    HAL_I2C_Init                             0x0800050d   Thumb Code   176  stm32f0xx_hal_i2c.o(i.HAL_I2C_Init)
    HAL_I2C_ListenCpltCallback               0x080005c1   Thumb Code     8  main.o(i.HAL_I2C_ListenCpltCallback)
    HAL_I2C_MasterRxCpltCallback             0x080005c9   Thumb Code     2  stm32f0xx_hal_i2c.o(i.HAL_I2C_MasterRxCpltCallback)
    HAL_I2C_MasterTxCpltCallback             0x080005cb   Thumb Code     2  stm32f0xx_hal_i2c.o(i.HAL_I2C_MasterTxCpltCallback)
    HAL_I2C_Master_Receive                   0x080005cd   Thumb Code   274  stm32f0xx_hal_i2c.o(i.HAL_I2C_Master_Receive)
    HAL_I2C_Master_Transmit                  0x080006e5   Thumb Code   274  stm32f0xx_hal_i2c.o(i.HAL_I2C_Master_Transmit)
    HAL_I2C_MemRxCpltCallback                0x080007fd   Thumb Code     2  stm32f0xx_hal_i2c.o(i.HAL_I2C_MemRxCpltCallback)
    HAL_I2C_MemTxCpltCallback                0x080007ff   Thumb Code     2  stm32f0xx_hal_i2c.o(i.HAL_I2C_MemTxCpltCallback)
    HAL_I2C_MspInit                          0x08000801   Thumb Code   158  i2c.o(i.HAL_I2C_MspInit)
    HAL_I2C_SlaveRxCpltCallback              0x080008b1   Thumb Code     2  stm32f0xx_hal_i2c.o(i.HAL_I2C_SlaveRxCpltCallback)
    HAL_I2C_SlaveTxCpltCallback              0x080008b3   Thumb Code     2  stm32f0xx_hal_i2c.o(i.HAL_I2C_SlaveTxCpltCallback)
    HAL_I2C_Slave_Sequential_Receive_IT      0x080008b5   Thumb Code   140  stm32f0xx_hal_i2c.o(i.HAL_I2C_Slave_Sequential_Receive_IT)
    HAL_I2C_Slave_Sequential_Transmit_IT     0x08000945   Thumb Code   140  stm32f0xx_hal_i2c.o(i.HAL_I2C_Slave_Sequential_Transmit_IT)
    HAL_IncTick                              0x080009d5   Thumb Code    10  stm32f0xx_hal.o(i.HAL_IncTick)
    HAL_Init                                 0x080009e5   Thumb Code    26  stm32f0xx_hal.o(i.HAL_Init)
    HAL_InitTick                             0x08000a05   Thumb Code    34  stm32f0xx_hal.o(i.HAL_InitTick)
    HAL_MspInit                              0x08000a29   Thumb Code    34  stm32f0xx_hal_msp.o(i.HAL_MspInit)
    HAL_NVIC_EnableIRQ                       0x08000a51   Thumb Code    14  stm32f0xx_hal_cortex.o(i.HAL_NVIC_EnableIRQ)
    HAL_NVIC_SetPriority                     0x08000a65   Thumb Code     8  stm32f0xx_hal_cortex.o(i.HAL_NVIC_SetPriority)
    HAL_RCCEx_PeriphCLKConfig                0x08000a6d   Thumb Code   218  stm32f0xx_hal_rcc_ex.o(i.HAL_RCCEx_PeriphCLKConfig)
    HAL_RCC_ClockConfig                      0x08000b55   Thumb Code   280  stm32f0xx_hal_rcc.o(i.HAL_RCC_ClockConfig)
    HAL_RCC_GetHCLKFreq                      0x08000c81   Thumb Code     6  stm32f0xx_hal_rcc.o(i.HAL_RCC_GetHCLKFreq)
    HAL_RCC_GetSysClockFreq                  0x08000c8d   Thumb Code    80  stm32f0xx_hal_rcc.o(i.HAL_RCC_GetSysClockFreq)
    HAL_RCC_OscConfig                        0x08000d09   Thumb Code   840  stm32f0xx_hal_rcc.o(i.HAL_RCC_OscConfig)
    HAL_SYSTICK_Config                       0x0800105d   Thumb Code    38  stm32f0xx_hal_cortex.o(i.HAL_SYSTICK_Config)
    HardFault_Handler                        0x0800108d   Thumb Code     2  stm32f0xx_it.o(i.HardFault_Handler)
    I2C1_IRQHandler                          0x08001091   Thumb Code    28  stm32f0xx_it.o(i.I2C1_IRQHandler)
    MX_GPIO_Init                             0x08001979   Thumb Code   194  gpio.o(i.MX_GPIO_Init)
    MX_I2C1_Init                             0x08001a55   Thumb Code    98  i2c.o(i.MX_I2C1_Init)
    MX_I2C2_Init                             0x08001ac9   Thumb Code    76  i2c.o(i.MX_I2C2_Init)
    NMI_Handler                              0x08001b21   Thumb Code     2  stm32f0xx_it.o(i.NMI_Handler)
    PendSV_Handler                           0x08001b69   Thumb Code     2  stm32f0xx_it.o(i.PendSV_Handler)
    SVC_Handler                              0x08001b6b   Thumb Code     2  stm32f0xx_it.o(i.SVC_Handler)
    SysTick_Handler                          0x08001b6d   Thumb Code     8  stm32f0xx_it.o(i.SysTick_Handler)
    SystemClock_Config                       0x08001b75   Thumb Code   100  main.o(i.SystemClock_Config)
    SystemInit                               0x08001bd9   Thumb Code    78  system_stm32f0xx.o(i.SystemInit)
    __scatterload_copy                       0x08001c35   Thumb Code    14  handlers.o(i.__scatterload_copy)
    __scatterload_null                       0x08001c43   Thumb Code     2  handlers.o(i.__scatterload_null)
    __scatterload_zeroinit                   0x08001c45   Thumb Code    14  handlers.o(i.__scatterload_zeroinit)
    enableLightSensor                        0x08001c53   Thumb Code    56  main.o(i.enableLightSensor)
    enablePower                              0x08001c8b   Thumb Code    18  main.o(i.enablePower)
    enableProximitySensor                    0x08001c9d   Thumb Code    66  main.o(i.enableProximitySensor)
    getMode                                  0x08001cdf   Thumb Code    24  main.o(i.getMode)
    init                                     0x08001cf9   Thumb Code   368  main.o(i.init)
    main                                     0x08001e6d   Thumb Code    64  main.o(i.main)
    readAmbientLight                         0x08001eb1   Thumb Code    54  main.o(i.readAmbientLight)
    readBlueLight                            0x08001ee7   Thumb Code    54  main.o(i.readBlueLight)
    readGreenLight                           0x08001f1d   Thumb Code    54  main.o(i.readGreenLight)
    readProximity                            0x08001f53   Thumb Code    22  main.o(i.readProximity)
    readRedLight                             0x08001f69   Thumb Code    54  main.o(i.readRedLight)
    setAmbientLightGain                      0x08001f9f   Thumb Code    46  main.o(i.setAmbientLightGain)
    setAmbientLightIntEnable                 0x08001fcd   Thumb Code    48  main.o(i.setAmbientLightIntEnable)
    setGestureEnterThresh                    0x08001ffd   Thumb Code    18  main.o(i.setGestureEnterThresh)
    setGestureExitThresh                     0x0800200f   Thumb Code    18  main.o(i.setGestureExitThresh)
    setGestureGain                           0x08002021   Thumb Code    48  main.o(i.setGestureGain)
    setGestureIntEnable                      0x08002051   Thumb Code    48  main.o(i.setGestureIntEnable)
    setGestureLEDDrive                       0x08002081   Thumb Code    48  main.o(i.setGestureLEDDrive)
    setGestureWaitTime                       0x080020b1   Thumb Code    46  main.o(i.setGestureWaitTime)
    setLEDDrive                              0x080020df   Thumb Code    46  main.o(i.setLEDDrive)
    setLightIntHighThreshold                 0x0800210d   Thumb Code    32  main.o(i.setLightIntHighThreshold)
    setLightIntLowThreshold                  0x0800212d   Thumb Code    32  main.o(i.setLightIntLowThreshold)
    setMode                                  0x0800214d   Thumb Code    74  main.o(i.setMode)
    setProxIntHighThresh                     0x08002197   Thumb Code    18  main.o(i.setProxIntHighThresh)
    setProxIntLowThresh                      0x080021a9   Thumb Code    18  main.o(i.setProxIntLowThresh)
    setProximityGain                         0x080021bb   Thumb Code    48  main.o(i.setProximityGain)
    setProximityIntEnable                    0x080021eb   Thumb Code    48  main.o(i.setProximityIntEnable)
    wireReadDataByte                         0x0800221d   Thumb Code    34  main.o(i.wireReadDataByte)
    wireWriteByte                            0x08002245   Thumb Code    26  main.o(i.wireWriteByte)
    wireWriteDataByte                        0x08002265   Thumb Code    30  main.o(i.wireWriteDataByte)
    AHBPrescTable                            0x08002288   Data          16  system_stm32f0xx.o(.constdata)
    Region$$Table$$Base                      0x08002298   Number         0  anon$$obj.o(Region$$Table)
    Region$$Table$$Limit                     0x080022b8   Number         0  anon$$obj.o(Region$$Table)
    i2ctransmitBuffer                        0x20000000   Data           1  main.o(.data)
    i2creceiveBuffer                         0x20000001   Data           1  main.o(.data)
    proximitydata                            0x20000002   Data           1  main.o(.data)
    ambientdata                              0x20000004   Data           2  main.o(.data)
    redsensdata                              0x20000006   Data           2  main.o(.data)
    greensensdata                            0x20000008   Data           2  main.o(.data)
    bluesensdata                             0x2000000a   Data           2  main.o(.data)
    gesture_ud_delta_                        0x2000000c   Data           4  main.o(.data)
    gesture_lr_delta_                        0x20000010   Data           4  main.o(.data)
    gesture_ud_count_                        0x20000014   Data           4  main.o(.data)
    gesture_lr_count_                        0x20000018   Data           4  main.o(.data)
    gesture_near_count_                      0x2000001c   Data           4  main.o(.data)
    gesture_far_count_                       0x20000020   Data           4  main.o(.data)
    gesture_state_                           0x20000024   Data           4  main.o(.data)
    gesture_motion_                          0x20000028   Data           4  main.o(.data)
    uwTick                                   0x2000002c   Data           4  stm32f0xx_hal.o(.data)
    SystemCoreClock                          0x20000030   Data           4  system_stm32f0xx.o(.data)
    gesture_data_                            0x20000034   Data         132  main.o(.bss)
    senddatabuf                              0x200000b8   Data          20  main.o(.bss)
    hi2c1                                    0x200000cc   Data          76  i2c.o(.bss)
    hi2c2                                    0x20000118   Data          76  i2c.o(.bss)
    __initial_sp                             0x20000568   Data           0  startup_stm32f030x8.o(STACK)



==============================================================================

Memory Map of the image

  Image Entry point : 0x080000b5

  Load Region LR_IROM1 (Base: 0x08000000, Size: 0x000022ec, Max: 0x00010000, ABSOLUTE)

    Execution Region ER_IROM1 (Exec base: 0x08000000, Load base: 0x08000000, Size: 0x000022b8, Max: 0x00010000, ABSOLUTE)

    Exec Addr    Load Addr    Size         Type   Attr      Idx    E Section Name        Object

    0x08000000   0x08000000   0x000000b4   Data   RO            3    RESET               startup_stm32f030x8.o
    0x080000b4   0x080000b4   0x00000000   Code   RO         2435  * .ARM.Collect$$$$00000000  mc_p.l(entry.o)
    0x080000b4   0x080000b4   0x00000004   Code   RO         2446    .ARM.Collect$$$$00000001  mc_p.l(entry2.o)
    0x080000b8   0x080000b8   0x00000004   Code   RO         2449    .ARM.Collect$$$$00000004  mc_p.l(entry5.o)
    0x080000bc   0x080000bc   0x00000000   Code   RO         2451    .ARM.Collect$$$$00000008  mc_p.l(entry7b.o)
    0x080000bc   0x080000bc   0x00000000   Code   RO         2453    .ARM.Collect$$$$0000000A  mc_p.l(entry8b.o)
    0x080000bc   0x080000bc   0x00000008   Code   RO         2454    .ARM.Collect$$$$0000000B  mc_p.l(entry9a.o)
    0x080000c4   0x080000c4   0x00000000   Code   RO         2456    .ARM.Collect$$$$0000000D  mc_p.l(entry10a.o)
    0x080000c4   0x080000c4   0x00000000   Code   RO         2458    .ARM.Collect$$$$0000000F  mc_p.l(entry11a.o)
    0x080000c4   0x080000c4   0x00000004   Code   RO         2447    .ARM.Collect$$$$00002712  mc_p.l(entry2.o)
    0x080000c8   0x080000c8   0x0000001c   Code   RO            4    .text               startup_stm32f030x8.o
    0x080000e4   0x080000e4   0x0000002c   Code   RO         2438    .text               mc_p.l(uidiv.o)
    0x08000110   0x08000110   0x00000024   Code   RO         2444    .text               mc_p.l(memseta.o)
    0x08000134   0x08000134   0x00000024   Code   RO         2460    .text               mc_p.l(init.o)
    0x08000158   0x08000158   0x00000002   Code   RO           12    i.Error_Handler     main.o
    0x0800015a   0x0800015a   0x00000048   Code   RO         1936    i.HAL_DMA_Abort_IT  stm32f0xx_hal_dma.o
    0x080001a2   0x080001a2   0x0000001c   Code   RO         1739    i.HAL_Delay         stm32f0xx_hal.o
    0x080001be   0x080001be   0x00000002   PAD
    0x080001c0   0x080001c0   0x00000148   Code   RO         1874    i.HAL_GPIO_Init     stm32f0xx_hal_gpio.o
    0x08000308   0x08000308   0x0000000a   Code   RO         1876    i.HAL_GPIO_ReadPin  stm32f0xx_hal_gpio.o
    0x08000312   0x08000312   0x0000000c   Code   RO         1878    i.HAL_GPIO_WritePin  stm32f0xx_hal_gpio.o
    0x0800031e   0x0800031e   0x00000002   PAD
    0x08000320   0x08000320   0x0000000c   Code   RO         1743    i.HAL_GetTick       stm32f0xx_hal.o
    0x0800032c   0x0800032c   0x0000004a   Code   RO         1181    i.HAL_I2CEx_ConfigAnalogFilter  stm32f0xx_hal_i2c_ex.o
    0x08000376   0x08000376   0x00000048   Code   RO         1182    i.HAL_I2CEx_ConfigDigitalFilter  stm32f0xx_hal_i2c_ex.o
    0x080003be   0x080003be   0x00000002   Code   RO          757    i.HAL_I2C_AbortCpltCallback  stm32f0xx_hal_i2c.o
    0x080003c0   0x080003c0   0x000000b8   Code   RO           14    i.HAL_I2C_AddrCallback  main.o
    0x08000478   0x08000478   0x00000058   Code   RO          761    i.HAL_I2C_ER_IRQHandler  stm32f0xx_hal_i2c.o
    0x080004d0   0x080004d0   0x00000010   Code   RO          762    i.HAL_I2C_EV_IRQHandler  stm32f0xx_hal_i2c.o
    0x080004e0   0x080004e0   0x00000028   Code   RO          763    i.HAL_I2C_EnableListen_IT  stm32f0xx_hal_i2c.o
    0x08000508   0x08000508   0x00000002   Code   RO          764    i.HAL_I2C_ErrorCallback  stm32f0xx_hal_i2c.o
    0x0800050a   0x0800050a   0x00000002   PAD
    0x0800050c   0x0800050c   0x000000b4   Code   RO          768    i.HAL_I2C_Init      stm32f0xx_hal_i2c.o
    0x080005c0   0x080005c0   0x00000008   Code   RO           15    i.HAL_I2C_ListenCpltCallback  main.o
    0x080005c8   0x080005c8   0x00000002   Code   RO          771    i.HAL_I2C_MasterRxCpltCallback  stm32f0xx_hal_i2c.o
    0x080005ca   0x080005ca   0x00000002   Code   RO          772    i.HAL_I2C_MasterTxCpltCallback  stm32f0xx_hal_i2c.o
    0x080005cc   0x080005cc   0x00000118   Code   RO          774    i.HAL_I2C_Master_Receive  stm32f0xx_hal_i2c.o
    0x080006e4   0x080006e4   0x00000118   Code   RO          779    i.HAL_I2C_Master_Transmit  stm32f0xx_hal_i2c.o
    0x080007fc   0x080007fc   0x00000002   Code   RO          782    i.HAL_I2C_MemRxCpltCallback  stm32f0xx_hal_i2c.o
    0x080007fe   0x080007fe   0x00000002   Code   RO          783    i.HAL_I2C_MemTxCpltCallback  stm32f0xx_hal_i2c.o
    0x08000800   0x08000800   0x000000b0   Code   RO          602    i.HAL_I2C_MspInit   i2c.o
    0x080008b0   0x080008b0   0x00000002   Code   RO          792    i.HAL_I2C_SlaveRxCpltCallback  stm32f0xx_hal_i2c.o
    0x080008b2   0x080008b2   0x00000002   Code   RO          793    i.HAL_I2C_SlaveTxCpltCallback  stm32f0xx_hal_i2c.o
    0x080008b4   0x080008b4   0x00000090   Code   RO          797    i.HAL_I2C_Slave_Sequential_Receive_IT  stm32f0xx_hal_i2c.o
    0x08000944   0x08000944   0x00000090   Code   RO          798    i.HAL_I2C_Slave_Sequential_Transmit_IT  stm32f0xx_hal_i2c.o
    0x080009d4   0x080009d4   0x00000010   Code   RO         1747    i.HAL_IncTick       stm32f0xx_hal.o
    0x080009e4   0x080009e4   0x00000020   Code   RO         1748    i.HAL_Init          stm32f0xx_hal.o
    0x08000a04   0x08000a04   0x00000022   Code   RO         1749    i.HAL_InitTick      stm32f0xx_hal.o
    0x08000a26   0x08000a26   0x00000002   PAD
    0x08000a28   0x08000a28   0x00000028   Code   RO          737    i.HAL_MspInit       stm32f0xx_hal_msp.o
    0x08000a50   0x08000a50   0x00000014   Code   RO         2031    i.HAL_NVIC_EnableIRQ  stm32f0xx_hal_cortex.o
    0x08000a64   0x08000a64   0x00000008   Code   RO         2035    i.HAL_NVIC_SetPriority  stm32f0xx_hal_cortex.o
    0x08000a6c   0x08000a6c   0x000000e8   Code   RO         1704    i.HAL_RCCEx_PeriphCLKConfig  stm32f0xx_hal_rcc_ex.o
    0x08000b54   0x08000b54   0x0000012c   Code   RO         1611    i.HAL_RCC_ClockConfig  stm32f0xx_hal_rcc.o
    0x08000c80   0x08000c80   0x0000000c   Code   RO         1616    i.HAL_RCC_GetHCLKFreq  stm32f0xx_hal_rcc.o
    0x08000c8c   0x08000c8c   0x0000007c   Code   RO         1619    i.HAL_RCC_GetSysClockFreq  stm32f0xx_hal_rcc.o
    0x08000d08   0x08000d08   0x00000354   Code   RO         1622    i.HAL_RCC_OscConfig  stm32f0xx_hal_rcc.o
    0x0800105c   0x0800105c   0x00000030   Code   RO         2039    i.HAL_SYSTICK_Config  stm32f0xx_hal_cortex.o
    0x0800108c   0x0800108c   0x00000002   Code   RO          683    i.HardFault_Handler  stm32f0xx_it.o
    0x0800108e   0x0800108e   0x00000002   PAD
    0x08001090   0x08001090   0x00000020   Code   RO          684    i.I2C1_IRQHandler   stm32f0xx_it.o
    0x080010b0   0x080010b0   0x00000034   Code   RO          802    i.I2C_DMAAbort      stm32f0xx_hal_i2c.o
    0x080010e4   0x080010e4   0x00000056   Code   RO          808    i.I2C_Disable_IRQ   stm32f0xx_hal_i2c.o
    0x0800113a   0x0800113a   0x00000002   PAD
    0x0800113c   0x0800113c   0x00000064   Code   RO          809    i.I2C_Enable_IRQ    stm32f0xx_hal_i2c.o
    0x080011a0   0x080011a0   0x00000022   Code   RO          810    i.I2C_Flush_TXDR    stm32f0xx_hal_i2c.o
    0x080011c2   0x080011c2   0x0000007a   Code   RO          811    i.I2C_ITAddrCplt    stm32f0xx_hal_i2c.o
    0x0800123c   0x0800123c   0x000000cc   Code   RO          812    i.I2C_ITError       stm32f0xx_hal_i2c.o
    0x08001308   0x08001308   0x00000060   Code   RO          813    i.I2C_ITListenCplt  stm32f0xx_hal_i2c.o
    0x08001368   0x08001368   0x000000a0   Code   RO          814    i.I2C_ITMasterCplt  stm32f0xx_hal_i2c.o
    0x08001408   0x08001408   0x000000e8   Code   RO          816    i.I2C_ITSlaveCplt   stm32f0xx_hal_i2c.o
    0x080014f0   0x080014f0   0x0000004a   Code   RO          817    i.I2C_ITSlaveSequentialCplt  stm32f0xx_hal_i2c.o
    0x0800153a   0x0800153a   0x00000002   PAD
    0x0800153c   0x0800153c   0x00000074   Code   RO          818    i.I2C_IsAcknowledgeFailed  stm32f0xx_hal_i2c.o
    0x080015b0   0x080015b0   0x000000c2   Code   RO          819    i.I2C_Master_ISR_DMA  stm32f0xx_hal_i2c.o
    0x08001672   0x08001672   0x00000068   Code   RO          823    i.I2C_Slave_ISR_DMA  stm32f0xx_hal_i2c.o
    0x080016da   0x080016da   0x00000002   PAD
    0x080016dc   0x080016dc   0x00000118   Code   RO          824    i.I2C_Slave_ISR_IT  stm32f0xx_hal_i2c.o
    0x080017f4   0x080017f4   0x00000024   Code   RO          825    i.I2C_TransferConfig  stm32f0xx_hal_i2c.o
    0x08001818   0x08001818   0x00000048   Code   RO          826    i.I2C_WaitOnFlagUntilTimeout  stm32f0xx_hal_i2c.o
    0x08001860   0x08001860   0x00000078   Code   RO          827    i.I2C_WaitOnRXNEFlagUntilTimeout  stm32f0xx_hal_i2c.o
    0x080018d8   0x080018d8   0x0000004e   Code   RO          828    i.I2C_WaitOnSTOPFlagUntilTimeout  stm32f0xx_hal_i2c.o
    0x08001926   0x08001926   0x00000052   Code   RO          829    i.I2C_WaitOnTXISFlagUntilTimeout  stm32f0xx_hal_i2c.o
    0x08001978   0x08001978   0x000000dc   Code   RO          581    i.MX_GPIO_Init      gpio.o
    0x08001a54   0x08001a54   0x00000074   Code   RO          603    i.MX_I2C1_Init      i2c.o
    0x08001ac8   0x08001ac8   0x00000058   Code   RO          604    i.MX_I2C2_Init      i2c.o
    0x08001b20   0x08001b20   0x00000002   Code   RO          685    i.NMI_Handler       stm32f0xx_it.o
    0x08001b22   0x08001b22   0x00000002   PAD
    0x08001b24   0x08001b24   0x00000044   Code   RO         2041    i.NVIC_SetPriority  stm32f0xx_hal_cortex.o
    0x08001b68   0x08001b68   0x00000002   Code   RO          686    i.PendSV_Handler    stm32f0xx_it.o
    0x08001b6a   0x08001b6a   0x00000002   Code   RO          687    i.SVC_Handler       stm32f0xx_it.o
    0x08001b6c   0x08001b6c   0x00000008   Code   RO          688    i.SysTick_Handler   stm32f0xx_it.o
    0x08001b74   0x08001b74   0x00000064   Code   RO           16    i.SystemClock_Config  main.o
    0x08001bd8   0x08001bd8   0x0000005c   Code   RO         2404    i.SystemInit        system_stm32f0xx.o
    0x08001c34   0x08001c34   0x0000000e   Code   RO         2464    i.__scatterload_copy  mc_p.l(handlers.o)
    0x08001c42   0x08001c42   0x00000002   Code   RO         2465    i.__scatterload_null  mc_p.l(handlers.o)
    0x08001c44   0x08001c44   0x0000000e   Code   RO         2466    i.__scatterload_zeroinit  mc_p.l(handlers.o)
    0x08001c52   0x08001c52   0x00000038   Code   RO           25    i.enableLightSensor  main.o
    0x08001c8a   0x08001c8a   0x00000012   Code   RO           26    i.enablePower       main.o
    0x08001c9c   0x08001c9c   0x00000042   Code   RO           27    i.enableProximitySensor  main.o
    0x08001cde   0x08001cde   0x00000018   Code   RO           41    i.getMode           main.o
    0x08001cf6   0x08001cf6   0x00000002   PAD
    0x08001cf8   0x08001cf8   0x00000174   Code   RO           50    i.init              main.o
    0x08001e6c   0x08001e6c   0x00000044   Code   RO           52    i.main              main.o
    0x08001eb0   0x08001eb0   0x00000036   Code   RO           54    i.readAmbientLight  main.o
    0x08001ee6   0x08001ee6   0x00000036   Code   RO           55    i.readBlueLight     main.o
    0x08001f1c   0x08001f1c   0x00000036   Code   RO           57    i.readGreenLight    main.o
    0x08001f52   0x08001f52   0x00000016   Code   RO           58    i.readProximity     main.o
    0x08001f68   0x08001f68   0x00000036   Code   RO           59    i.readRedLight      main.o
    0x08001f9e   0x08001f9e   0x0000002e   Code   RO           61    i.setAmbientLightGain  main.o
    0x08001fcc   0x08001fcc   0x00000030   Code   RO           62    i.setAmbientLightIntEnable  main.o
    0x08001ffc   0x08001ffc   0x00000012   Code   RO           63    i.setGestureEnterThresh  main.o
    0x0800200e   0x0800200e   0x00000012   Code   RO           64    i.setGestureExitThresh  main.o
    0x08002020   0x08002020   0x00000030   Code   RO           65    i.setGestureGain    main.o
    0x08002050   0x08002050   0x00000030   Code   RO           66    i.setGestureIntEnable  main.o
    0x08002080   0x08002080   0x00000030   Code   RO           67    i.setGestureLEDDrive  main.o
    0x080020b0   0x080020b0   0x0000002e   Code   RO           69    i.setGestureWaitTime  main.o
    0x080020de   0x080020de   0x0000002e   Code   RO           71    i.setLEDDrive       main.o
    0x0800210c   0x0800210c   0x00000020   Code   RO           72    i.setLightIntHighThreshold  main.o
    0x0800212c   0x0800212c   0x00000020   Code   RO           73    i.setLightIntLowThreshold  main.o
    0x0800214c   0x0800214c   0x0000004a   Code   RO           74    i.setMode           main.o
    0x08002196   0x08002196   0x00000012   Code   RO           76    i.setProxIntHighThresh  main.o
    0x080021a8   0x080021a8   0x00000012   Code   RO           77    i.setProxIntLowThresh  main.o
    0x080021ba   0x080021ba   0x00000030   Code   RO           79    i.setProximityGain  main.o
    0x080021ea   0x080021ea   0x00000030   Code   RO           80    i.setProximityIntEnable  main.o
    0x0800221a   0x0800221a   0x00000002   PAD
    0x0800221c   0x0800221c   0x00000028   Code   RO           84    i.wireReadDataByte  main.o
    0x08002244   0x08002244   0x00000020   Code   RO           85    i.wireWriteByte     main.o
    0x08002264   0x08002264   0x00000024   Code   RO           87    i.wireWriteDataByte  main.o
    0x08002288   0x08002288   0x00000010   Data   RO         2405    .constdata          system_stm32f0xx.o
    0x08002298   0x08002298   0x00000020   Data   RO         2462    Region$$Table       anon$$obj.o


    Execution Region RW_IRAM1 (Exec base: 0x20000000, Load base: 0x080022b8, Size: 0x00000568, Max: 0x00002000, ABSOLUTE)

    Exec Addr    Load Addr    Size         Type   Attr      Idx    E Section Name        Object

    0x20000000   0x080022b8   0x0000002c   Data   RW           89    .data               main.o
    0x2000002c   0x080022e4   0x00000004   Data   RW         1754    .data               stm32f0xx_hal.o
    0x20000030   0x080022e8   0x00000004   Data   RW         2407    .data               system_stm32f0xx.o
    0x20000034        -       0x00000098   Zero   RW           88    .bss                main.o
    0x200000cc        -       0x00000098   Zero   RW          605    .bss                i2c.o
    0x20000164   0x080022ec   0x00000004   PAD
    0x20000168        -       0x00000400   Zero   RW            1    STACK               startup_stm32f030x8.o


==============================================================================

Image component sizes


      Code (inc. data)   RO Data    RW Data    ZI Data      Debug   Object Name

       220         26          0          0          0        947   gpio.o
       380         48          0          0        152       2210   i2c.o
      1880         40          0         44        152     251774   main.o
        28          8        180          0       1024        624   startup_stm32f030x8.o
       122         18          0          4          0       3575   stm32f0xx_hal.o
       144         24          0          0          0       8865   stm32f0xx_hal_cortex.o
        72          0          0          0          0       1087   stm32f0xx_hal_dma.o
       350         26          0          0          0       2843   stm32f0xx_hal_gpio.o
      3430         98          0          0          0      27747   stm32f0xx_hal_i2c.o
       146          0          0          0          0       1883   stm32f0xx_hal_i2c_ex.o
        40          6          0          0          0        786   stm32f0xx_hal_msp.o
      1288         82          0          0          0       4430   stm32f0xx_hal_rcc.o
       232         14          0          0          0       1348   stm32f0xx_hal_rcc_ex.o
        48          4          0          0          0       2525   stm32f0xx_it.o
        92         14         16          4          0       1119   system_stm32f0xx.o

    ----------------------------------------------------------------------
      8494        408        228         52       1332     311763   Object Totals
         0          0         32          0          0          0   (incl. Generated)
        22          0          0          0          4          0   (incl. Padding)

    ----------------------------------------------------------------------

      Code (inc. data)   RO Data    RW Data    ZI Data      Debug   Library Member Name

         0          0          0          0          0          0   entry.o
         0          0          0          0          0          0   entry10a.o
         0          0          0          0          0          0   entry11a.o
         8          4          0          0          0          0   entry2.o
         4          0          0          0          0          0   entry5.o
         0          0          0          0          0          0   entry7b.o
         0          0          0          0          0          0   entry8b.o
         8          4          0          0          0          0   entry9a.o
        30          0          0          0          0          0   handlers.o
        36          8          0          0          0         68   init.o
        36          0          0          0          0        100   memseta.o
        44          0          0          0          0         72   uidiv.o

    ----------------------------------------------------------------------
       166         16          0          0          0        240   Library Totals
         0          0          0          0          0          0   (incl. Padding)

    ----------------------------------------------------------------------

      Code (inc. data)   RO Data    RW Data    ZI Data      Debug   Library Name

       166         16          0          0          0        240   mc_p.l

    ----------------------------------------------------------------------
       166         16          0          0          0        240   Library Totals

    ----------------------------------------------------------------------

==============================================================================


      Code (inc. data)   RO Data    RW Data    ZI Data      Debug   

      8660        424        228         52       1332     307887   Grand Totals
      8660        424        228         52       1332     307887   ELF Image Totals
      8660        424        228         52          0          0   ROM Totals

==============================================================================

    Total RO  Size (Code + RO Data)                 8888 (   8.68kB)
    Total RW  Size (RW Data + ZI Data)              1384 (   1.35kB)
    Total ROM Size (Code + RO Data + RW Data)       8940 (   8.73kB)

==============================================================================

