<html>
<body>
<pre>
<h1>µVision Build Log</h1>
<h2>Tool Versions:</h2>
IDE-Version: µVision V5.30.0.0
Copyright (C) 2020 ARM Ltd and ARM Germany GmbH. All rights reserved.
License Information: ali ali, ali, LIC=BUUUH-WCUYX-DY6V3-A7SJ6-C0LQP-29NZW
 
Tool Versions:
Toolchain:       MDK-ARM Plus  Version: 5.30.0.0
Toolchain Path:  C:\Keil_v5\ARM\ARMCC\Bin
C Compiler:      Armcc.exe V5.06 update 6 (build 750)
Assembler:       Armasm.exe V5.06 update 6 (build 750)
Linker/Locator:  ArmLink.exe V5.06 update 6 (build 750)
Library Manager: ArmAr.exe V5.06 update 6 (build 750)
Hex Converter:   FromElf.exe V5.06 update 6 (build 750)
CPU DLL:         SARMCM3.DLL V5.30.0.0
Dialog DLL:      DARMCM1.DLL V1.19.3.0
Target DLL:      STLink\ST-LINKIII-KEIL_SWO.dll V3.0.7.0
Dialog DLL:      TARMCM1.DLL V1.14.2.0
 
<h2>Project:</h2>
D:\SOFTWARES\my works\STM32\APDS-9960\APDS_9960\MDK-ARM\APDS_9960.uvprojx
Project File Date:  08/11/2020

<h2>Output:</h2>
*** Using Compiler 'V5.06 update 6 (build 750)', folder: 'C:\Keil_v5\ARM\ARMCC\Bin'
Rebuild target 'APDS_9960'
assembling startup_stm32f030x8.s...
compiling stm32f0xx_it.c...
compiling usart.c...
compiling stm32f0xx_hal_tim_ex.c...
compiling stm32f0xx_hal_i2c_ex.c...
compiling stm32f0xx_hal_tim.c...
compiling stm32f0xx_hal_msp.c...
compiling gpio.c...
compiling i2c.c...
compiling stm32f0xx_hal_uart_ex.c...
compiling stm32f0xx_hal_uart.c...
compiling main.c...
../Src/main.c(368): warning:  #186-D: pointless comparison of unsigned integer with zero
      if( mode >= 0 && mode <= 6 ) {
../Src/main.c(1183): warning:  #550-D: variable "bytes_read"  was set but never used
      uint8_t bytes_read = 0;
../Src/main.c(2341): warning:  #111-D: statement is unreachable
  		case DIR_NONE:				return "NONE"; break;
../Src/main.c(2342): warning:  #111-D: statement is unreachable
  		case DIR_LEFT:				return "LEFT"; break;
../Src/main.c(2343): warning:  #111-D: statement is unreachable
  		case DIR_RIGHT:				return "RIGHT"; break;
../Src/main.c(2344): warning:  #111-D: statement is unreachable
  		case DIR_UP:					return "UP"; break;
../Src/main.c(2345): warning:  #111-D: statement is unreachable
  		case DIR_DOWN:				return "DOWN"; break;
../Src/main.c(2346): warning:  #111-D: statement is unreachable
  		case DIR_NEAR:				return "NEAR"; break;
../Src/main.c(2347): warning:  #111-D: statement is unreachable
  		case DIR_FAR:					return "FAR"; break;
../Src/main.c(2348): warning:  #111-D: statement is unreachable
  		case DIR_ALL:					return "ALL"; break;
../Src/main.c(2349): warning:  #111-D: statement is unreachable
  		default:              return "Unknown Movement";break;
../Src/main.c: 11 warnings, 0 errors
compiling stm32f0xx_hal_rcc_ex.c...
compiling stm32f0xx_hal.c...
compiling stm32f0xx_hal_cortex.c...
compiling stm32f0xx_hal_pwr.c...
compiling stm32f0xx_hal_gpio.c...
compiling stm32f0xx_hal_dma.c...
compiling stm32f0xx_hal_rcc.c...
compiling stm32f0xx_hal_i2c.c...
compiling stm32f0xx_hal_pwr_ex.c...
compiling stm32f0xx_hal_flash.c...
compiling stm32f0xx_hal_flash_ex.c...
compiling system_stm32f0xx.c...
linking...
Program Size: Code=8660 RO-data=228 RW-data=52 ZI-data=1332  
FromELF: creating hex file...
"APDS_9960\APDS_9960.axf" - 0 Error(s), 11 Warning(s).

<h2>Software Packages used:</h2>

Package Vendor: ARM
                http://www.keil.com/pack/ARM.CMSIS.5.7.0.pack
                ARM.CMSIS.5.7.0
                CMSIS (Cortex Microcontroller Software Interface Standard)
   * Component: CORE Version: 5.4.0

Package Vendor: Keil
                http://www.keil.com/pack/Keil.STM32F0xx_DFP.2.1.0.pack
                Keil.STM32F0xx_DFP.2.1.0
                STMicroelectronics STM32F0 Series Device Support, Drivers and Examples

<h2>Collection of Component include folders:</h2>
  .\RTE\_APDS_9960
  C:\Users\TANDIS\AppData\Local\Arm\Packs\ARM\CMSIS\5.7.0\CMSIS\Core\Include
  C:\Users\TANDIS\AppData\Local\Arm\Packs\Keil\STM32F0xx_DFP\2.1.0\Drivers\CMSIS\Device\ST\STM32F0xx\Include

<h2>Collection of Component Files used:</h2>

   * Component: ARM::CMSIS:CORE:5.4.0
Build Time Elapsed:  00:00:02
</pre>
</body>
</html>
